             VMA              LMA     Size Align Out     In      Symbol
             270              270       18     1 .interp
             270              270       18     1         <internal>:(.interp)
             288              288       24     4 .note.gnu.build-id
             288              288       24     4         <internal>:(.note.gnu.build-id)
             2b0              2b0     12a8     8 .dynsym
             2b0              2b0     12a8     8         <internal>:(.dynsym)
            1558             1558       1c     8 .gnu.hash
            1558             1558       1c     8         <internal>:(.gnu.hash)
            1574             1574      633     1 .dynstr
            1574             1574      633     1         <internal>:(.dynstr)
            1ba8             1ba8     1470     8 .rela.dyn
            1ba8             1ba8     1470     8         <internal>:(.rela.dyn)
            3018             3018     11e8     8 .rela.plt
            3018             3018     11e8     8         <internal>:(.rela.plt)
            4200             4200     5378    16 .rodata
            4200             4200        6     2         libbb/lib.a(appletlib.o):(.rodata.applet_nameofs)
            4200             4200        6     1                 applet_nameofs
            4206             4206      101     1         libbb/lib.a(appletlib.o):(.rodata.applet_names)
            4206             4206      101     1                 applet_names
            4307             4307        d     1         libbb/lib.a(appletlib.o):(.rodata.applet_flags)
            4307             4307        d     1                 applet_flags
            4314             4314     1561     1         libbb/lib.a(appletlib.o):(.rodata.packed_usage)
            4314             4314     1561     1                 packed_usage
            5875             5875     20aa     1         <internal>:(.rodata.str1.1)
            7920             7920       14     4         coreutils/lib.a(test.o):(.rodata.binop)
            7934             7934        2     1         coreutils/lib.a(test.o):(.rodata.check_operator.no_op)
            7934             7934        2     1                 check_operator.no_op
            7936             7936       85     1         coreutils/lib.a(test.o):(.rodata.ops_texts)
            7936             7936       85     1                 ops_texts
            79bc             79bc       56     2         coreutils/lib.a(test.o):(.rodata.ops_table)
            79bc             79bc       56     1                 ops_table
            7a18             7a18       28     8         <internal>:(.rodata.cst8)
            7a40             7a40       a0    16         <internal>:(.rodata.cst16)
            7ae0             7ae0      104     4         editors/lib.a(awk.o):(.rodata.evaluate)
            7be4             7be4       48     4         editors/lib.a(awk.o):(.rodata.exec_builtin)
            7c2c             7c2c       6b     1         editors/lib.a(awk.o):(.rodata.vNames)
            7c2c             7c2c       6b     1                 vNames
            7c97             7c97       19     1         editors/lib.a(awk.o):(.rodata.vValues)
            7c97             7c97       19     1                 vValues
            7cb0             7cb0        a     2         editors/lib.a(awk.o):(.rodata.PRIMES)
            7cb0             7cb0        a     1                 PRIMES
            7cba             7cba       19     1         editors/lib.a(awk.o):(.rodata.EMSG_INV_FMT)
            7cba             7cba       19     1                 EMSG_INV_FMT
            7cd3             7cd3       11     1         editors/lib.a(awk.o):(.rodata.EMSG_UNEXP_TOKEN)
            7cd3             7cd3       11     1                 EMSG_UNEXP_TOKEN
            7ce4             7ce4       19     1         editors/lib.a(awk.o):(.rodata.EMSG_UNEXP_EOS)
            7ce4             7ce4       19     1                 EMSG_UNEXP_EOS
            7cfd             7cfd      1c0     1         editors/lib.a(awk.o):(.rodata.tokenlist)
            7cfd             7cfd      1c0     1                 tokenlist
            7ec0             7ec0      190     4         editors/lib.a(awk.o):(.rodata.tokeninfo)
            7ec0             7ec0      190     1                 tokeninfo
            8050             8050       12     1         editors/lib.a(awk.o):(.rodata.EMSG_TOO_FEW_ARGS)
            8050             8050       12     1                 EMSG_TOO_FEW_ARGS
            8062             8062        d     1         editors/lib.a(awk.o):(.rodata.EMSG_NOT_ARRAY)
            8062             8062        d     1                 EMSG_NOT_ARRAY
            806f             806f       16     1         editors/lib.a(awk.o):(.rodata.EMSG_POSSIBLE_ERROR)
            806f             806f       16     1                 EMSG_POSSIBLE_ERROR
            8085             8085       1b     1         editors/lib.a(awk.o):(.rodata.EMSG_UNDEF_FUNC)
            8085             8085       1b     1                 EMSG_UNDEF_FUNC
            80a0             80a0       19     1         editors/lib.a(awk.o):(.rodata.EMSG_NEGATIVE_FIELD)
            80a0             80a0       19     1                 EMSG_NEGATIVE_FIELD
            80b9             80b9       11     1         editors/lib.a(awk.o):(.rodata.EMSG_DIV_BY_ZERO)
            80b9             80b9       11     1                 EMSG_DIV_BY_ZERO
            80ca             80ca        9     1         coreutils/lib.a(basename.o):(.rodata..L.str)
            80d3             80d3        6     1         coreutils/lib.a(chmod.o):(.rodata..L.str.1)
            80d9             80d9        7     1         coreutils/lib.a(chown.o):(.rodata..L.str)
            80e0             80e0       30     1         coreutils/lib.a(cp.o):(.rodata..L.str)
            8110             8110       24     1         coreutils/lib.a(cut.o):(.rodata..L.str)
            8134             8134       1f     1         coreutils/lib.a(cut.o):(.rodata.cut_main._op_on_field)
            8134             8134       1f     1                 cut_main._op_on_field
            8153             8153       23     1         coreutils/lib.a(date.o):(.rodata..L.str)
            8176             8176       1f     1         coreutils/lib.a(date.o):(.rodata.date_main.isoformats)
            8176             8176       1f     1                 date_main.isoformats
            8198             8198       30     4         coreutils/lib.a(dd.o):(.rodata.dd_main)
            81c8             81c8       1a     1         coreutils/lib.a(dd.o):(.rodata.dd_main.keywords)
            81c8             81c8       1a     1                 dd_main.keywords
            81e2             81e2       1d     1         coreutils/lib.a(df.o):(.rodata..L.str.1)
            81ff             81ff       2f     1         coreutils/lib.a(du.o):(.rodata..L.str.1)
            8230             8230       54     4         findutils/lib.a(find.o):(.rodata.find_main)
            8284             8284       5a     1         findutils/lib.a(find.o):(.rodata.parse_params.params)
            8284             8284       5a     1                 parse_params.params
            82de             82de       30     1         findutils/lib.a(grep.o):(.rodata..L.str)
            830e             830e        7     1         coreutils/lib.a(head.o):(.rodata.head_opts)
            830e             830e        7     1                 head_opts
            8315             8315       25     1         coreutils/lib.a(install.o):(.rodata..L.str)
            833a             833a        d     1         coreutils/lib.a(ln.o):(.rodata..L.str.1)
            8347             8347       60     1         coreutils/lib.a(ls.o):(.rodata..L.str)
            83a7             83a7       11     1         coreutils/lib.a(ls.o):(.rodata..L.str.20)
            83b8             83b8       25     1         coreutils/lib.a(mv.o):(.rodata..L.str)
            83dd             83dd       2d     1         coreutils/lib.a(mv.o):(.rodata.mv_main.fmt)
            83dd             83dd       2d     1                 mv_main.fmt
            840c             840c       58     4         coreutils/lib.a(printf.o):(.rodata.printf_main)
            8464             8464        e     1         coreutils/lib.a(printf.o):(.rodata.print_formatted.format_chars)
            8464             8464        e     1                 print_formatted.format_chars
            8472             8472        a     1         coreutils/lib.a(readlink.o):(.rodata..L.str)
            847c             847c        f     1         coreutils/lib.a(rm.o):(.rodata..L.str)
            848c             848c       d8     4         editors/lib.a(sed.o):(.rodata.process_files)
            8564             8564       11     1         editors/lib.a(sed.o):(.rodata..L.str.2)
            8575             8575        7     1         editors/lib.a(sed.o):(.rodata.semicolon_whitespace)
            8575             8575        7     1                 semicolon_whitespace
            857c             857c       1c     1         editors/lib.a(sed.o):(.rodata.parse_cmd_args.cmd_letters)
            857c             857c       1c     1                 parse_cmd_args.cmd_letters
            8598             8598       24     4         coreutils/lib.a(sort.o):(.rodata.compare_keys)
            85bc             85bc       26     1         coreutils/lib.a(sort.o):(.rodata.sort_opt_str)
            85bc             85bc       26     1                 sort_opt_str
            85e2             85e2        9     1         coreutils/lib.a(sort.o):(.rodata.scale_suffix.suffix)
            85e2             85e2        9     1                 scale_suffix.suffix
            85ec             85ec      118     4         coreutils/lib.a(stat.o):(.rodata.print_stat)
            8704             8704       38     4         coreutils/lib.a(stat.o):(.rodata.print_statfs)
            873c             873c        a     1         coreutils/lib.a(stat.o):(.rodata..L.str)
            8748             8748       8c     4         coreutils/lib.a(stat.o):(.rodata.human_fstype.fstype)
            8748             8748       8c     1                 human_fstype.fstype
            87d4             87d4       ec     1         coreutils/lib.a(stat.o):(.rodata.human_fstype.humanname)
            87d4             87d4       ec     1                 human_fstype.humanname
            88c0             88c0        8     1         <internal>:(.rodata.cst4)
            88c8             88c8       1a     1         coreutils/lib.a(touch.o):(.rodata..L.str)
            88e2             88e2        d     1         coreutils/lib.a(tr.o):(.rodata..L.str)
            88ef             88ef        6     1         debianutils/lib.a(which.o):(.rodata..L.str.1)
            88f8             88f8       28     4         libbb/lib.a(duration.o):(.rodata.duration_suffixes)
            88f8             88f8       28     1                 duration_suffixes
            8920             8920        9     1         libbb/lib.a(human_readable.o):(.rodata.make_human_readable_str.unit_chars)
            8920             8920        9     1                 make_human_readable_str.unit_chars
            8929             8929       2a     1         libbb/lib.a(messages.o):(.rodata.bb_banner)
            8929             8929       2a     1                 bb_banner
            8953             8953        e     1         libbb/lib.a(messages.o):(.rodata.bb_msg_memory_exhausted)
            8953             8953        e     1                 bb_msg_memory_exhausted
            8961             8961       12     1         libbb/lib.a(messages.o):(.rodata.bb_msg_invalid_date)
            8961             8961       12     1                 bb_msg_invalid_date
            8973             8973        a     1         libbb/lib.a(messages.o):(.rodata.bb_msg_unknown)
            8973             8973        a     1                 bb_msg_unknown
            897d             897d       18     1         libbb/lib.a(messages.o):(.rodata.bb_msg_requires_arg)
            897d             897d       18     1                 bb_msg_requires_arg
            8995             8995       1e     1         libbb/lib.a(messages.o):(.rodata.bb_msg_invalid_arg_to)
            8995             8995       1e     1                 bb_msg_invalid_arg_to
            89b3             89b3        f     1         libbb/lib.a(messages.o):(.rodata.bb_msg_standard_input)
            89b3             89b3        f     1                 bb_msg_standard_input
            89c2             89c2       10     1         libbb/lib.a(messages.o):(.rodata.bb_msg_standard_output)
            89c2             89c2       10     1                 bb_msg_standard_output
            89d2             89d2       16     1         libbb/lib.a(messages.o):(.rodata.bb_busybox_exec_path)
            89d2             89d2       16     1                 bb_busybox_exec_path
            89e8             89e8       23     1         libbb/lib.a(messages.o):(.rodata.bb_PATH_root_path)
            89e8             89e8       23     1                 bb_PATH_root_path
            8a0c             8a0c        4     4         libbb/lib.a(messages.o):(.rodata.const_int_0)
            8a0c             8a0c        4     1                 const_int_0
            8a10             8a10        7     1         libbb/lib.a(mode_string.o):(.rodata.mode_chars)
            8a10             8a10        7     1                 mode_chars
            8a18             8a18        c     2         libbb/lib.a(parse_mode.o):(.rodata.bb_parse_mode.perm_mask)
            8a18             8a18        c     1                 bb_parse_mode.perm_mask
            8a24             8a24        5     1         libbb/lib.a(parse_mode.o):(.rodata.bb_parse_mode.who_chars)
            8a24             8a24        5     1                 bb_parse_mode.who_chars
            8a29             8a29        7     1         libbb/lib.a(parse_mode.o):(.rodata.bb_parse_mode.perm_chars)
            8a29             8a29        7     1                 bb_parse_mode.perm_chars
            8a30             8a30       14     1         libbb/lib.a(process_escape_sequence.o):(.rodata.bb_process_escape_sequence.charmap)
            8a30             8a30       14     1                 bb_process_escape_sequence.charmap
            8a44             8a44       2c     4         libbb/lib.a(time.o):(.rodata.parse_datestr)
            8a70             8a70       94     4         libbb/lib.a(unicode.o):(.rodata.bb_wcwidth.combining)
            8a70             8a70       94     1                 bb_wcwidth.combining
            8b04             8b04       b8     2         libbb/lib.a(unicode.o):(.rodata.bb_wcwidth.combining1)
            8b04             8b04       b8     1                 bb_wcwidth.combining1
            8bbc             8bbc       28     4         libbb/lib.a(unicode.o):(.rodata.bb_wcwidth.combining0x10000)
            8bbc             8bbc       28     1                 bb_wcwidth.combining0x10000
            8be4             8be4       20     4         libbb/lib.a(xatonum.o):(.rodata.bkm_suffixes)
            8be4             8be4       20     1                 bkm_suffixes
            8c04             8c04       80     4         libbb/lib.a(xatonum.o):(.rodata.cwbkMG_suffixes)
            8c04             8c04       80     1                 cwbkMG_suffixes
            8c84             8c84       80     4         libbb/lib.a(xatonum.o):(.rodata.kmg_i_suffixes)
            8c84             8c84       80     1                 kmg_i_suffixes
            8d04             8d04       e0     1         libbb/lib.a(u_signal_names.o):(.rodata.signals)
            8d04             8d04       e0     1                 signals
            8de4             8de4       20     4         shell/lib.a(ash.o):(.rodata.readcmd)
            8e04             8e04       34     4         shell/lib.a(ash.o):(.rodata.readtoken1)
            8e38             8e38       70     4         shell/lib.a(ash.o):(.rodata.parse_command)
            8ea8             8ea8       24     4         shell/lib.a(ash.o):(.rodata.argstr)
            8ecc             8ecc       18     4         shell/lib.a(ash.o):(.rodata.evalvar)
            8ee4             8ee4       80     4         shell/lib.a(ash.o):(.rodata.varvalue)
            8f64             8f64       6c     4         shell/lib.a(ash.o):(.rodata.cmdtxt)
            8fd0             8fd0       24     4         shell/lib.a(ash.o):(.rodata.cmdputs)
            8ff4             8ff4       3c     4         shell/lib.a(ash.o):(.rodata.evaltree)
            9030             9030       18     4         shell/lib.a(ash.o):(.rodata.redirect)
            9048             9048       6c     4         shell/lib.a(ash.o):(.rodata.calcsize)
            90b4             90b4       6c     4         shell/lib.a(ash.o):(.rodata.copynode)
            9120             9120        a     1         shell/lib.a(ash.o):(.rodata..L.str.198)
            912a             912a        9     1         shell/lib.a(ash.o):(.rodata.timescmd_str)
            912a             912a        9     1                 timescmd_str
            9133             9133        3     1         shell/lib.a(ash.o):(.rodata.umaskcmd.permuser)
            9133             9133        3     1                 umaskcmd.permuser
            9136             9136        6     1         shell/lib.a(ash.o):(.rodata.readtoken1.types)
            9136             9136        6     1                 readtoken1.types
            913c             913c       1a     1         shell/lib.a(ash.o):(.rodata.SIT.spec_symbls)
            913c             913c       1a     1                 SIT.spec_symbls
            9156             9156       19     1         shell/lib.a(ash.o):(.rodata.SIT.syntax_index_table)
            9156             9156       19     1                 SIT.syntax_index_table
            9170             9170       16     2         shell/lib.a(ash.o):(.rodata.S_I_T)
            9170             9170       16     1                 S_I_T
            9186             9186       12     1         shell/lib.a(ash.o):(.rodata.decode_dollar_squote.C_escapes)
            9186             9186       12     1                 decode_dollar_squote.C_escapes
            9198             9198        7     1         shell/lib.a(ash.o):(.rodata.dolatstr)
            9198             9198        7     1                 dolatstr
            919f             919f        4     1         shell/lib.a(ash.o):(.rodata.rmescapes.qchars)
            919f             919f        4     1                 rmescapes.qchars
            91a3             91a3        7     1         shell/lib.a(ash.o):(.rodata.xxreadtoken_chars)
            91a3             91a3        7     1                 xxreadtoken_chars
            91aa             91aa        a     1         shell/lib.a(ash.o):(.rodata.xxreadtoken_tokens)
            91aa             91aa        a     1                 xxreadtoken_tokens
            91b4             91b4        c     1         shell/lib.a(ash.o):(.rodata.argstr.spclchars)
            91b4             91b4        c     1                 argstr.spclchars
            91c0             91c0       30     1         shell/lib.a(ash.o):(.rodata.cmdputs.vstype)
            91c0             91c0       30     1                 cmdputs.vstype
            91f0             91f0       1b     1         shell/lib.a(ash.o):(.rodata.nodesize)
            91f0             91f0       1b     1                 nodesize
            920b             920b        7     1         shell/lib.a(ash.o):(.rodata.hasmeta.chars)
            920b             920b        7     1                 hasmeta.chars
            9214             9214       ac     4         libbb/lib.a(lineedit.o):(.rodata.read_line_input)
            92c0             92c0       3c     4         libbb/lib.a(lineedit.o):(.rodata.parse_and_put_prompt)
            92fc             92fc       60     4         shell/lib.a(math.o):(.rodata.arith_apply)
            935c             935c       8d     1         shell/lib.a(math.o):(.rodata.op_tokens)
            935c             935c       8d     1                 op_tokens
            93e9             93e9        8     1         shell/lib.a(shell_common.o):(.rodata.defifsvar)
            93e9             93e9        8     1                 defifsvar
            93f1             93f1        9     1         shell/lib.a(shell_common.o):(.rodata.defoptindvar)
            93f1             93f1        9     1                 defoptindvar
            93fa             93fa       32     1         shell/lib.a(shell_common.o):(.rodata.ulimit_opt_string)
            93fa             93fa       32     1                 ulimit_opt_string
            942c             942c      11e     1         shell/lib.a(shell_common.o):(.rodata.limits_help)
            942c             942c      11e     1                 limits_help
            954a             954a       1e     2         shell/lib.a(shell_common.o):(.rodata.limits_tbl)
            954a             954a       1e     1                 limits_tbl
            9568             9568       10     1         shell/lib.a(shell_common.o):(.rodata.limit_chars)
            9568             9568       10     1                 limit_chars
            a578             a578        3     1 .init
            a578             a578        1     1         /home/rishies2010/OSDev/ZenOS/userland/files/busybox/../../sysroot/usr/lib/crti.o:(.init)
            a578             a578        0     1                 _init
            a579             a579        2     1         /home/rishies2010/OSDev/ZenOS/userland/files/busybox/../../sysroot/usr/lib/crtn.o:(.init)
            a57b             a57b        3     1 .fini
            a57b             a57b        1     1         /home/rishies2010/OSDev/ZenOS/userland/files/busybox/../../sysroot/usr/lib/crti.o:(.fini)
            a57b             a57b        0     1                 _fini
            a57c             a57c        2     1         /home/rishies2010/OSDev/ZenOS/userland/files/busybox/../../sysroot/usr/lib/crtn.o:(.fini)
            a580             a580    2401d     4 .text
            a580             a580        f     4         /home/rishies2010/OSDev/ZenOS/userland/files/busybox/../../sysroot/usr/lib/crt0.o:(.text)
            a580             a580        0     1                 _start
            a58f             a58f      1c5     1         libbb/lib.a(appletlib.o):(.text.busybox_main)
            a58f             a58f      1c5     1                 busybox_main
            a754             a754       10     1         libbb/lib.a(appletlib.o):(.text.string_array_len)
            a754             a754       10     1                 string_array_len
            a764             a764       ba     1         libbb/lib.a(appletlib.o):(.text.bb_show_usage)
            a764             a764       ba     1                 bb_show_usage
            a81e             a81e       99     1         libbb/lib.a(appletlib.o):(.text.find_applet_by_name)
            a81e             a81e       99     1                 find_applet_by_name
            a8b7             a8b7       63     1         libbb/lib.a(appletlib.o):(.text.run_applet_and_exit)
            a8b7             a8b7       63     1                 run_applet_and_exit
            a91a             a91a       47     1         libbb/lib.a(appletlib.o):(.text.show_usage_if_dash_dash_help)
            a91a             a91a       47     1                 show_usage_if_dash_dash_help
            a961             a961       3c     1         libbb/lib.a(appletlib.o):(.text.run_applet_no_and_exit)
            a961             a961       3c     1                 run_applet_no_and_exit
            a99d             a99d       75     1         libbb/lib.a(appletlib.o):(.text.main)
            a99d             a99d       75     1                 main
            aa12             aa12       d2     1         archival/libarchive/lib.a(decompress_bunzip2.o):(.text.start_bunzip)
            aa12             aa12       d2     1                 start_bunzip
            aae4             aae4      783     1         archival/libarchive/lib.a(decompress_bunzip2.o):(.text.read_bunzip)
            aae4             aae4      783     1                 read_bunzip
            b267             b267       16     1         archival/libarchive/lib.a(decompress_bunzip2.o):(.text.dealloc_bunzip)
            b267             b267       16     1                 dealloc_bunzip
            b27d             b27d       87     1         archival/libarchive/lib.a(decompress_bunzip2.o):(.text.unpack_bz2_data)
            b27d             b27d       87     1                 unpack_bz2_data
            b304             b304       b3     1         archival/libarchive/lib.a(decompress_bunzip2.o):(.text.get_bits)
            b304             b304       b3     1                 get_bits
            b3b7             b3b7      1b4     1         coreutils/lib.a(test.o):(.text.test_main)
            b3b7             b3b7      1b4     1                 test_main
            b56b             b56b       83     1         coreutils/lib.a(test.o):(.text.check_operator)
            b56b             b56b       83     1                 check_operator
            b5ee             b5ee      265     1         coreutils/lib.a(test.o):(.text.binop)
            b5ee             b5ee      265     1                 binop
            b853             b853       63     1         coreutils/lib.a(test.o):(.text.oexpr)
            b853             b853       63     1                 oexpr
            b8b6             b8b6       48     1         coreutils/lib.a(test.o):(.text.syntax)
            b8b6             b8b6       48     1                 syntax
            b8fe             b8fe       66     1         coreutils/lib.a(test.o):(.text.getn)
            b8fe             b8fe       66     1                 getn
            b964             b964       69     1         coreutils/lib.a(test.o):(.text.aexpr)
            b964             b964       69     1                 aexpr
            b9cd             b9cd      344     1         coreutils/lib.a(test.o):(.text.nexpr)
            b9cd             b9cd      344     1                 nexpr
            bd11             bd11      452     1         editors/lib.a(awk.o):(.text.awk_main)
            bd11             bd11      452     1                 awk_main
            c163             c163       26     1         editors/lib.a(awk.o):(.text.hash_init)
            c163             c163       26     1                 hash_init
            c189             c189      146     1         editors/lib.a(awk.o):(.text.hash_find)
            c189             c189      146     1                 hash_find
            c2cf             c2cf       13     1         editors/lib.a(awk.o):(.text.nextword)
            c2cf             c2cf       13     1                 nextword
            c2e2             c2e2       26     1         editors/lib.a(awk.o):(.text.setvar_s)
            c2e2             c2e2       26     1                 setvar_s
            c308             c308       32     1         editors/lib.a(awk.o):(.text.setvar_i)
            c308             c308       32     1                 setvar_i
            c33a             c33a      1f9     1         editors/lib.a(awk.o):(.text.handle_special)
            c33a             c33a      1f9     1                 handle_special
            c533             c533       12     1         editors/lib.a(awk.o):(.text.setvar_u)
            c533             c533       12     1                 setvar_u
            c545             c545       2c     1         editors/lib.a(awk.o):(.text.iamarray)
            c545             c545       2c     1                 iamarray
            c571             c571       26     1         editors/lib.a(awk.o):(.text.unescape_string_in_place)
            c571             c571       26     1                 unescape_string_in_place
            c597             c597       6d     1         editors/lib.a(awk.o):(.text.try_to_assign)
            c597             c597       6d     1                 try_to_assign
            c604             c604      1a5     1         editors/lib.a(awk.o):(.text.parse_program)
            c604             c604      1a5     1                 parse_program
            c7a9             c7a9       32     1         editors/lib.a(awk.o):(.text.setari_u)
            c7a9             c7a9       32     1                 setari_u
            c7db             c7db     10de     1         editors/lib.a(awk.o):(.text.evaluate)
            c7db             c7db     10de     1                 evaluate
            d8b9             d8b9       79     1         editors/lib.a(awk.o):(.text.awk_exit)
            d8b9             d8b9       79     1                 awk_exit
            d932             d932      2c9     1         editors/lib.a(awk.o):(.text.awk_getline)
            d932             d932      2c9     1                 awk_getline
            dbfb             dbfb       1a     1         editors/lib.a(awk.o):(.text.incvar)
            dbfb             dbfb       1a     1                 incvar
            dc15             dc15       20     1         editors/lib.a(awk.o):(.text.syntax_error)
            dc15             dc15       20     1                 syntax_error
            dc35             dc35      111     1         editors/lib.a(awk.o):(.text.next_input_file)
            dc35             dc35      111     1                 next_input_file
            dd46             dd46       14     1         editors/lib.a(awk.o):(.text.hashidx)
            dd46             dd46       14     1                 hashidx
            dd5a             dd5a       42     1         editors/lib.a(awk.o):(.text.hash_search3)
            dd5a             dd5a       42     1                 hash_search3
            dd9c             dd9c       26     1         editors/lib.a(awk.o):(.text.setvar_p)
            dd9c             dd9c       26     1                 setvar_p
            ddc2             ddc2       2d     1         editors/lib.a(awk.o):(.text.clrvar)
            ddc2             ddc2       2d     1                 clrvar
            ddef             ddef       7a     1         editors/lib.a(awk.o):(.text.getvar_i)
            ddef             ddef       7a     1                 getvar_i
            de69             de69       9b     1         editors/lib.a(awk.o):(.text.fsrealloc)
            de69             de69       9b     1                 fsrealloc
            df04             df04       64     1         editors/lib.a(awk.o):(.text.getvar_s)
            df04             df04       64     1                 getvar_s
            df68             df68       20     1         editors/lib.a(awk.o):(.text.qrealloc)
            df68             df68       20     1                 qrealloc
            df88             df88       c9     1         editors/lib.a(awk.o):(.text.split_f0)
            df88             df88       c9     1                 split_f0
            e051             e051       52     1         editors/lib.a(awk.o):(.text.mk_splitter)
            e051             e051       52     1                 mk_splitter
            e0a3             e0a3       39     1         editors/lib.a(awk.o):(.text.istrue)
            e0a3             e0a3       39     1                 istrue
            e0dc             e0dc        b     1         editors/lib.a(awk.o):(.text.my_strtod)
            e0dc             e0dc        b     1                 my_strtod
            e0e7             e0e7       2e     1         editors/lib.a(awk.o):(.text.skip_spaces)
            e0e7             e0e7       2e     1                 skip_spaces
            e115             e115       ee     1         editors/lib.a(awk.o):(.text.fmt_num)
            e115             e115       ee     1                 fmt_num
            e203             e203      286     1         editors/lib.a(awk.o):(.text.awk_split)
            e203             e203      286     1                 awk_split
            e489             e489       3b     1         editors/lib.a(awk.o):(.text.mk_re_node)
            e489             e489       3b     1                 mk_re_node
            e4c4             e4c4       17     1         editors/lib.a(awk.o):(.text.is_numeric)
            e4c4             e4c4       17     1                 is_numeric
            e4db             e4db       4b     1         editors/lib.a(awk.o):(.text.nextchar)
            e4db             e4db       4b     1                 nextchar
            e526             e526      419     1         editors/lib.a(awk.o):(.text.next_token)
            e526             e526      419     1                 next_token
            e93f             e93f       2d     1         editors/lib.a(awk.o):(.text.chain_until_rbrace)
            e93f             e93f       2d     1                 chain_until_rbrace
            e96c             e96c       5e     1         editors/lib.a(awk.o):(.text.hash_clear)
            e96c             e96c       5e     1                 hash_clear
            e9ca             e9ca       74     1         editors/lib.a(awk.o):(.text.chain_node)
            e9ca             e9ca       74     1                 chain_node
            ea3e             ea3e      3e2     1         editors/lib.a(awk.o):(.text.parse_expr)
            ea3e             ea3e      3e2     1                 parse_expr
            ee20             ee20      291     1         editors/lib.a(awk.o):(.text.chain_group)
            ee20             ee20      291     1                 chain_group
            f0b1             f0b1       50     1         editors/lib.a(awk.o):(.text.chain_expr)
            f0b1             f0b1       50     1                 chain_expr
            f101             f101       12     1         editors/lib.a(awk.o):(.text.parse_lrparen_list)
            f101             f101       12     1                 parse_lrparen_list
            f113             f113       8e     1         editors/lib.a(awk.o):(.text.chain_loop)
            f113             f113       8e     1                 chain_loop
            f1a1             f1a1       1c     1         editors/lib.a(awk.o):(.text.new_node)
            f1a1             f1a1       1c     1                 new_node
            f1bd             f1bd       26     1         editors/lib.a(awk.o):(.text.hash_search)
            f1bd             f1bd       26     1                 hash_search
            f1e3             f1e3        c     1         editors/lib.a(awk.o):(.text.nvalloc)
            f1e3             f1e3        c     1                 nvalloc
            f1ef             f1ef       1b     1         editors/lib.a(awk.o):(.text.ptest)
            f1ef             f1ef       1b     1                 ptest
            f20a             f20a      325     1         editors/lib.a(awk.o):(.text.awk_printf)
            f20a             f20a      325     1                 awk_printf
            f52f             f52f       7b     1         editors/lib.a(awk.o):(.text.hash_remove)
            f52f             f52f       7b     1                 hash_remove
            f5aa             f5aa       51     1         editors/lib.a(awk.o):(.text.copyvar)
            f5aa             f5aa       51     1                 copyvar
            f5fb             f5fb       86     1         editors/lib.a(awk.o):(.text.as_regex)
            f5fb             f5fb       86     1                 as_regex
            f681             f681       90     1         editors/lib.a(awk.o):(.text.nvfree)
            f681             f681       90     1                 nvfree
            f711             f711       1e     1         editors/lib.a(awk.o):(.text.setvar_ERRNO)
            f711             f711       1e     1                 setvar_ERRNO
            f72f             f72f      55a     1         editors/lib.a(awk.o):(.text.exec_builtin)
            f72f             f72f      55a     1                 exec_builtin
            fc89             fc89       31     1         editors/lib.a(awk.o):(.text.setvar_sn)
            fc89             fc89       31     1                 setvar_sn
            fcba             fcba       65     1         editors/lib.a(awk.o):(.text.getvar_i_int)
            fcba             fcba       65     1                 getvar_i_int
            fd1f             fd1f       8b     1         editors/lib.a(awk.o):(.text.do_mktime)
            fd1f             fd1f       8b     1                 do_mktime
            fdaa             fdaa       cb     1         editors/lib.a(awk.o):(.text.do_match)
            fdaa             fdaa       cb     1                 do_match
            fe75             fe75      29c     1         editors/lib.a(awk.o):(.text.awk_sub)
            fe75             fe75      29c     1                 awk_sub
           10111            10111       f0     1         coreutils/lib.a(basename.o):(.text.basename_main)
           10111            10111       f0     1                 basename_main
           10201            10201       ae     1         coreutils/lib.a(cat.o):(.text.cat_main)
           10201            10201       ae     1                 cat_main
           102af            102af       bf     1         coreutils/lib.a(chmod.o):(.text.chmod_main)
           102af            102af       bf     1                 chmod_main
           1036e            1036e       89     1         coreutils/lib.a(chmod.o):(.text.fileAction)
           1036e            1036e       89     1                 fileAction
           103f7            103f7       ab     1         coreutils/lib.a(chown.o):(.text.chown_main)
           103f7            103f7       ab     1                 chown_main
           104a2            104a2       3a     1         coreutils/lib.a(chown.o):(.text.fileAction)
           104a2            104a2       3a     1                 fileAction
           104dc            104dc       1a     1         console-tools/lib.a(clear.o):(.text.clear_main)
           104dc            104dc       1a     1                 clear_main
           104f6            104f6      18e     1         coreutils/lib.a(cp.o):(.text.cp_main)
           104f6            104f6      18e     1                 cp_main
           10684            10684       56     1         coreutils/libcoreutils/lib.a(cp_mv_stat.o):(.text.cp_mv_stat2)
           10684            10684       56     1                 cp_mv_stat2
           106da            106da        c     1         coreutils/libcoreutils/lib.a(cp_mv_stat.o):(.text.cp_mv_stat)
           106da            106da        c     1                 cp_mv_stat
           106e6            106e6      487     1         coreutils/lib.a(cut.o):(.text.cut_main)
           106e6            106e6      487     1                 cut_main
           10b6d            10b6d        5     1         coreutils/lib.a(cut.o):(.text.cmpfunc)
           10b6d            10b6d        5     1                 cmpfunc
           10b72            10b72      3a4     1         coreutils/lib.a(date.o):(.text.date_main)
           10b72            10b72      3a4     1                 date_main
           10f16            10f16      37e     1         coreutils/lib.a(dd.o):(.text.dd_main)
           10f16            10f16      37e     1                 dd_main
           11294            11294        d     1         coreutils/lib.a(dd.o):(.text.dd_read)
           11294            11294        d     1                 dd_read
           112a1            112a1      433     1         coreutils/lib.a(df.o):(.text.df_main)
           112a1            112a1      433     1                 df_main
           116d4            116d4       1f     1         coreutils/lib.a(dirname.o):(.text.dirname_main)
           116d4            116d4       1f     1                 dirname_main
           116f3            116f3      113     1         coreutils/lib.a(du.o):(.text.du_main)
           116f3            116f3      113     1                 du_main
           11806            11806      1e2     1         coreutils/lib.a(du.o):(.text.du)
           11806            11806      1e2     1                 du
           119e8            119e8       3c     1         coreutils/lib.a(du.o):(.text.print)
           119e8            119e8       3c     1                 print
           11a24            11a24      168     1         coreutils/lib.a(echo.o):(.text.echo_main)
           11a24            11a24      168     1                 echo_main
           11b8c            11b8c       f4     1         coreutils/lib.a(env.o):(.text.env_main)
           11b8c            11b8c       f4     1                 env_main
           11c80            11c80        4     1         coreutils/lib.a(false.o):(.text.false_main)
           11c80            11c80        4     1                 false_main
           11c84            11c84      4e0     1         findutils/lib.a(find.o):(.text.find_main)
           11c84            11c84      4e0     1                 find_main
           12164            12164      146     1         findutils/lib.a(find.o):(.text.fileAction)
           12164            12164      146     1                 fileAction
           122aa            122aa       64     1         findutils/lib.a(find.o):(.text.alloc_action)
           122aa            122aa       64     1                 alloc_action
           1230e            1230e        b     1         findutils/lib.a(find.o):(.text.func_print)
           1230e            1230e        b     1                 func_print
           12319            12319       19     1         findutils/lib.a(find.o):(.text.func_print0)
           12319            12319       19     1                 func_print0
           12332            12332        b     1         findutils/lib.a(find.o):(.text.func_exec)
           12332            12332        b     1                 func_exec
           1233d            1233d       9c     1         findutils/lib.a(find.o):(.text.func_name)
           1233d            1233d       9c     1                 func_name
           123d9            123d9       11     1         findutils/lib.a(find.o):(.text.func_type)
           123d9            123d9       11     1                 func_type
           123ea            123ea       61     1         findutils/lib.a(find.o):(.text.func_mtime)
           123ea            123ea       61     1                 func_mtime
           1244b            1244b       ae     1         findutils/lib.a(find.o):(.text.do_exec)
           1244b            1244b       ae     1                 do_exec
           124f9            124f9      32e     1         findutils/lib.a(grep.o):(.text.grep_main)
           124f9            124f9      32e     1                 grep_main
           12827            12827       4a     1         findutils/lib.a(grep.o):(.text.load_pattern_list)
           12827            12827       4a     1                 load_pattern_list
           12871            12871       11     1         findutils/lib.a(grep.o):(.text.add_grep_list_data)
           12871            12871       11     1                 add_grep_list_data
           12882            12882      5b6     1         findutils/lib.a(grep.o):(.text.grep_file)
           12882            12882      5b6     1                 grep_file
           12e38            12e38       bc     1         findutils/lib.a(grep.o):(.text.file_action_grep)
           12e38            12e38       bc     1                 file_action_grep
           12ef4            12ef4       b9     1         findutils/lib.a(grep.o):(.text.print_line)
           12ef4            12ef4       b9     1                 print_line
           12fad            12fad      346     1         coreutils/lib.a(head.o):(.text.head_main)
           12fad            12fad      346     1                 head_main
           132f3            132f3      2ce     1         coreutils/lib.a(install.o):(.text.install_main)
           132f3            132f3      2ce     1                 install_main
           135c1            135c1      246     1         coreutils/lib.a(ln.o):(.text.ln_main)
           135c1            135c1      246     1                 ln_main
           13807            13807      1d5     1         coreutils/lib.a(ls.o):(.text.ls_main)
           13807            13807      1d5     1                 ls_main
           139dc            139dc      122     1         coreutils/lib.a(ls.o):(.text.my_stat)
           139dc            139dc      122     1                 my_stat
           13afe            13afe       12     1         coreutils/lib.a(ls.o):(.text.dnalloc)
           13afe            13afe       12     1                 dnalloc
           13b10            13b10      1a8     1         coreutils/lib.a(ls.o):(.text.sort_and_display_files)
           13b10            13b10      1a8     1                 sort_and_display_files
           13cb8            13cb8       7a     1         coreutils/lib.a(ls.o):(.text.splitdnarray)
           13cb8            13cb8       7a     1                 splitdnarray
           13d32            13d32       5b     1         coreutils/lib.a(ls.o):(.text.count_dirs)
           13d32            13d32       5b     1                 count_dirs
           13d8d            13d8d       12     1         coreutils/lib.a(ls.o):(.text.dnsort)
           13d8d            13d8d       12     1                 dnsort
           13d9f            13d9f      1db     1         coreutils/lib.a(ls.o):(.text.scan_and_display_dirs_recur)
           13d9f            13d9f      1db     1                 scan_and_display_dirs_recur
           13f7a            13f7a      317     1         coreutils/lib.a(ls.o):(.text.display_single)
           13f7a            13f7a      317     1                 display_single
           14291            14291       4f     1         coreutils/lib.a(ls.o):(.text.append_char)
           14291            14291       4f     1                 append_char
           142e0            142e0       81     1         coreutils/lib.a(ls.o):(.text.print_name)
           142e0            142e0       81     1                 print_name
           14361            14361       a8     1         coreutils/lib.a(ls.o):(.text.sortcmp)
           14361            14361       a8     1                 sortcmp
           14409            14409       c1     1         coreutils/lib.a(mkdir.o):(.text.mkdir_main)
           14409            14409       c1     1                 mkdir_main
           144ca            144ca      2af     1         coreutils/lib.a(mv.o):(.text.mv_main)
           144ca            144ca      2af     1                 mv_main
           14779            14779      52c     1         coreutils/lib.a(printf.o):(.text.printf_main)
           14779            14779      52c     1                 printf_main
           14ca5            14ca5       3e     1         coreutils/lib.a(printf.o):(.text.get_width_prec)
           14ca5            14ca5       3e     1                 get_width_prec
           14ce3            14ce3       6a     1         coreutils/lib.a(printf.o):(.text.multiconvert)
           14ce3            14ce3       6a     1                 multiconvert
           14d4d            14d4d       1d     1         coreutils/lib.a(printf.o):(.text.conv_strtoll)
           14d4d            14d4d       1d     1                 conv_strtoll
           14d6a            14d6a       46     1         coreutils/lib.a(printf.o):(.text.conv_strtoull)
           14d6a            14d6a       46     1                 conv_strtoull
           14db0            14db0       37     1         coreutils/lib.a(printf.o):(.text.conv_strtod)
           14db0            14db0       37     1                 conv_strtod
           14de7            14de7       2b     1         coreutils/lib.a(pwd.o):(.text.pwd_main)
           14de7            14de7       2b     1                 pwd_main
           14e12            14e12       83     1         coreutils/lib.a(readlink.o):(.text.readlink_main)
           14e12            14e12       83     1                 readlink_main
           14e95            14e95       60     1         coreutils/lib.a(realpath.o):(.text.realpath_main)
           14e95            14e95       60     1                 realpath_main
           14ef5            14ef5       bd     1         coreutils/lib.a(rm.o):(.text.rm_main)
           14ef5            14ef5       bd     1                 rm_main
           14fb2            14fb2       bd     1         coreutils/lib.a(rmdir.o):(.text.rmdir_main)
           14fb2            14fb2       bd     1                 rmdir_main
           1506f            1506f      310     1         editors/lib.a(sed.o):(.text.sed_main)
           1506f            1506f      310     1                 sed_main
           1537f            1537f       15     1         editors/lib.a(sed.o):(.text.cleanup_outname)
           1537f            1537f       15     1                 cleanup_outname
           15394            15394       4e     1         editors/lib.a(sed.o):(.text.add_cmd_block)
           15394            15394       4e     1                 add_cmd_block
           153e2            153e2      5b0     1         editors/lib.a(sed.o):(.text.add_cmd)
           153e2            153e2      5b0     1                 add_cmd
           15992            15992      a85     1         editors/lib.a(sed.o):(.text.process_files)
           15992            15992      a85     1                 process_files
           16417            16417      102     1         editors/lib.a(sed.o):(.text.get_address)
           16417            16417      102     1                 get_address
           16519            16519       99     1         editors/lib.a(sed.o):(.text.index_of_next_unescaped_regexp_delim)
           16519            16519       99     1                 index_of_next_unescaped_regexp_delim
           165b2            165b2       77     1         editors/lib.a(sed.o):(.text.copy_parsing_escapes)
           165b2            165b2       77     1                 copy_parsing_escapes
           16629            16629       8a     1         editors/lib.a(sed.o):(.text.parse_escapes)
           16629            16629       8a     1                 parse_escapes
           166b3            166b3       6c     1         editors/lib.a(sed.o):(.text.parse_file_cmd)
           166b3            166b3       6c     1                 parse_file_cmd
           1671f            1671f       62     1         editors/lib.a(sed.o):(.text.sed_xfopen_w)
           1671f            1671f       62     1                 sed_xfopen_w
           16781            16781       8b     1         editors/lib.a(sed.o):(.text.parse_regex_delim)
           16781            16781       8b     1                 parse_regex_delim
           1680c            1680c      101     1         editors/lib.a(sed.o):(.text.get_next_line)
           1680c            1680c      101     1                 get_next_line
           1690d            1690d       94     1         editors/lib.a(sed.o):(.text.puts_maybe_newline)
           1690d            1690d       94     1                 puts_maybe_newline
           169a1            169a1       14     1         editors/lib.a(sed.o):(.text.append)
           169a1            169a1       14     1                 append
           169b5            169b5       57     1         editors/lib.a(sed.o):(.text.flush_append)
           169b5            169b5       57     1                 flush_append
           16a0c            16a0c       61     1         editors/lib.a(sed.o):(.text.pipe_putc)
           16a0c            16a0c       61     1                 pipe_putc
           16a6d            16a6d       66     1         coreutils/lib.a(sleep.o):(.text.sleep_main)
           16a6d            16a6d       66     1                 sleep_main
           16ad3            16ad3      42c     1         coreutils/lib.a(sort.o):(.text.sort_main)
           16ad3            16ad3      42c     1                 sort_main
           16eff            16eff       20     1         coreutils/lib.a(sort.o):(.text.add_key)
           16eff            16eff       20     1                 add_key
           16f1f            16f1f       32     1         coreutils/lib.a(sort.o):(.text.str2u)
           16f1f            16f1f       32     1                 str2u
           16f51            16f51      346     1         coreutils/lib.a(sort.o):(.text.compare_keys)
           16f51            16f51      346     1                 compare_keys
           17297            17297      277     1         coreutils/lib.a(sort.o):(.text.get_key)
           17297            17297      277     1                 get_key
           1750e            1750e       42     1         coreutils/lib.a(sort.o):(.text.scale_suffix)
           1750e            1750e       42     1                 scale_suffix
           17550            17550       73     1         coreutils/lib.a(stat.o):(.text.stat_main)
           17550            17550       73     1                 stat_main
           175c3            175c3       ad     1         coreutils/lib.a(stat.o):(.text.do_stat)
           175c3            175c3       ad     1                 do_stat
           17670            17670       7b     1         coreutils/lib.a(stat.o):(.text.do_statfs)
           17670            17670       7b     1                 do_statfs
           176eb            176eb       f4     1         coreutils/lib.a(stat.o):(.text.print_it)
           176eb            176eb       f4     1                 print_it
           177df            177df      38b     1         coreutils/lib.a(stat.o):(.text.print_stat)
           177df            177df      38b     1                 print_stat
           17b6a            17b6a       26     1         coreutils/lib.a(stat.o):(.text.printfs)
           17b6a            17b6a       26     1                 printfs
           17b90            17b90       25     1         coreutils/lib.a(stat.o):(.text.strcatc)
           17b90            17b90       25     1                 strcatc
           17bb5            17bb5       57     1         coreutils/lib.a(stat.o):(.text.human_time)
           17bb5            17bb5       57     1                 human_time
           17c0c            17c0c      192     1         coreutils/lib.a(stat.o):(.text.print_statfs)
           17c0c            17c0c      192     1                 print_statfs
           17d9e            17d9e      722     1         coreutils/lib.a(tail.o):(.text.tail_main)
           17d9e            17d9e      722     1                 tail_main
           184c0            184c0       2b     1         coreutils/lib.a(tail.o):(.text.eat_num)
           184c0            184c0       2b     1                 eat_num
           184eb            184eb       1c     1         coreutils/lib.a(tail.o):(.text.tail_xprint_header)
           184eb            184eb       1c     1                 tail_xprint_header
           18507            18507       2a     1         coreutils/lib.a(tail.o):(.text.tail_read)
           18507            18507       2a     1                 tail_read
           18531            18531      159     1         coreutils/lib.a(tee.o):(.text.tee_main)
           18531            18531      159     1                 tee_main
           1868a            1868a      1a2     1         coreutils/lib.a(touch.o):(.text.touch_main)
           1868a            1868a      1a2     1                 touch_main
           1882c            1882c      233     1         coreutils/lib.a(tr.o):(.text.tr_main)
           1882c            1882c      233     1                 tr_main
           18a5f            18a5f       dc     1         coreutils/lib.a(tr.o):(.text.expand)
           18a5f            18a5f       dc     1                 expand
           18b3b            18b3b        3     1         coreutils/lib.a(true.o):(.text.true_main)
           18b3b            18b3b        3     1                 true_main
           18b3e            18b3e       f0     1         coreutils/lib.a(uname.o):(.text.uname_main)
           18b3e            18b3e       f0     1                 uname_main
           18c2e            18c2e      269     1         coreutils/lib.a(wc.o):(.text.wc_main)
           18c2e            18c2e      269     1                 wc_main
           18e97            18e97       ee     1         debianutils/lib.a(which.o):(.text.which_main)
           18e97            18e97       ee     1                 which_main
           18f85            18f85      324     1         findutils/lib.a(xargs.o):(.text.xargs_main)
           18f85            18f85      324     1                 xargs_main
           192a9            192a9       c4     1         findutils/lib.a(xargs.o):(.text.process_stdin)
           192a9            192a9       c4     1                 process_stdin
           1936d            1936d       75     1         findutils/lib.a(xargs.o):(.text.process0_stdin)
           1936d            1936d       75     1                 process0_stdin
           193e2            193e2       49     1         findutils/lib.a(xargs.o):(.text.store_param)
           193e2            193e2       49     1                 store_param
           1942b            1942b       57     1         coreutils/lib.a(yes.o):(.text.yes_main)
           1942b            1942b       57     1                 yes_main
           19482            19482       49     1         libbb/lib.a(ask_confirmation.o):(.text.bb_ask_y_confirmation_FILE)
           19482            19482       49     1                 bb_ask_y_confirmation_FILE
           194cb            194cb        f     1         libbb/lib.a(ask_confirmation.o):(.text.bb_ask_y_confirmation)
           194cb            194cb        f     1                 bb_ask_y_confirmation
           194da            194da       68     1         libbb/lib.a(bb_cat.o):(.text.bb_cat)
           194da            194da       68     1                 bb_cat
           19542            19542       8a     1         libbb/lib.a(bb_getgroups.o):(.text.bb_getgroups)
           19542            19542       8a     1                 bb_getgroups
           195cc            195cc       21     1         libbb/lib.a(bb_pwd.o):(.text.xgetpwnam)
           195cc            195cc       21     1                 xgetpwnam
           195ed            195ed       21     1         libbb/lib.a(bb_pwd.o):(.text.xgetgrnam)
           195ed            195ed       21     1                 xgetgrnam
           1960e            1960e       14     1         libbb/lib.a(bb_pwd.o):(.text.uid2uname)
           1960e            1960e       14     1                 uid2uname
           19622            19622       14     1         libbb/lib.a(bb_pwd.o):(.text.gid2group)
           19622            19622       14     1                 gid2group
           19636            19636       17     1         libbb/lib.a(bb_pwd.o):(.text.uid2uname_utoa)
           19636            19636       17     1                 uid2uname_utoa
           1964d            1964d       17     1         libbb/lib.a(bb_pwd.o):(.text.gid2group_utoa)
           1964d            1964d       17     1                 gid2group_utoa
           19664            19664        b     1         libbb/lib.a(bb_pwd.o):(.text.xuname2uid)
           19664            19664        b     1                 xuname2uid
           1966f            1966f        b     1         libbb/lib.a(bb_pwd.o):(.text.xgroup2gid)
           1966f            1966f        b     1                 xgroup2gid
           1967a            1967a       37     1         libbb/lib.a(bb_pwd.o):(.text.get_ug_id)
           1967a            1967a       37     1                 get_ug_id
           196b1            196b1       55     1         libbb/lib.a(bb_strtonum.o):(.text.bb_strtoull)
           196b1            196b1       55     1                 bb_strtoull
           19706            19706       4d     1         libbb/lib.a(bb_strtonum.o):(.text.handle_errors)
           19706            19706       4d     1                 handle_errors
           19753            19753       5c     1         libbb/lib.a(bb_strtonum.o):(.text.bb_strtoll)
           19753            19753       5c     1                 bb_strtoll
           197af            197af       5e     1         libbb/lib.a(bb_strtonum.o):(.text.bb_strtou)
           197af            197af       5e     1                 bb_strtou
           1980d            1980d       75     1         libbb/lib.a(bb_strtonum.o):(.text.bb_strtoi)
           1980d            1980d       75     1                 bb_strtoi
           19882            19882       18     1         libbb/lib.a(compare_string_array.o):(.text.is_prefixed_with)
           19882            19882       18     1                 is_prefixed_with
           1989a            1989a       32     1         libbb/lib.a(compare_string_array.o):(.text.index_in_strings)
           1989a            1989a       32     1                 index_in_strings
           198cc            198cc       81     1         libbb/lib.a(compare_string_array.o):(.text.index_in_substrings)
           198cc            198cc       81     1                 index_in_substrings
           1994d            1994d       20     1         libbb/lib.a(compare_string_array.o):(.text.nth_string)
           1994d            1994d       20     1                 nth_string
           1996d            1996d       5c     1         libbb/lib.a(concat_path_file.o):(.text.concat_path_file)
           1996d            1996d       5c     1                 concat_path_file
           199c9            199c9       30     1         libbb/lib.a(concat_subpath_file.o):(.text.concat_subpath_file)
           199c9            199c9       30     1                 concat_subpath_file
           199f9            199f9       11     1         libbb/lib.a(const_hack.o):(.text.XZALLOC_CONST_PTR)
           199f9            199f9       11     1                 XZALLOC_CONST_PTR
           19a0a            19a0a      6bd     1         libbb/lib.a(copy_file.o):(.text.copy_file)
           19a0a            19a0a      6bd     1                 copy_file
           1a0c7            1a0c7       81     1         libbb/lib.a(copy_file.o):(.text.ask_and_unlink)
           1a0c7            1a0c7       81     1                 ask_and_unlink
           1a148            1a148        c     1         libbb/lib.a(copyfd.o):(.text.bb_copyfd_size)
           1a148            1a148        c     1                 bb_copyfd_size
           1a154            1a154       da     1         libbb/lib.a(copyfd.o):(.text.bb_full_fd_action)
           1a154            1a154       da     1                 bb_full_fd_action
           1a22e            1a22e        7     1         libbb/lib.a(copyfd.o):(.text.bb_copyfd_eof)
           1a22e            1a22e        7     1                 bb_copyfd_eof
           1a235            1a235       7d     1         libbb/lib.a(crc32.o):(.text.crc32_filltable)
           1a235            1a235       7d     1                 crc32_filltable
           1a2b2            1a2b2       11     1         libbb/lib.a(duration.o):(.text.parse_duration_str)
           1a2b2            1a2b2       11     1                 parse_duration_str
           1a2c3            1a2c3       38     1         libbb/lib.a(endofname.o):(.text.endofname)
           1a2c3            1a2c3       38     1                 endofname
           1a2fb            1a2fb       4c     1         libbb/lib.a(executable.o):(.text.file_is_executable)
           1a2fb            1a2fb       4c     1                 file_is_executable
           1a347            1a347       9a     1         libbb/lib.a(executable.o):(.text.find_executable)
           1a347            1a347       9a     1                 find_executable
           1a3e1            1a3e1       34     1         libbb/lib.a(executable.o):(.text.BB_EXECVP)
           1a3e1            1a3e1       34     1                 BB_EXECVP
           1a415            1a415       35     1         libbb/lib.a(executable.o):(.text.BB_EXECVP_or_die)
           1a415            1a415       35     1                 BB_EXECVP_or_die
           1a44a            1a44a       3f     1         libbb/lib.a(fclose_nonstdin.o):(.text.fclose_if_not_stdin)
           1a44a            1a44a       3f     1                 fclose_if_not_stdin
           1a489            1a489       2d     1         libbb/lib.a(fflush_stdout_and_exit.o):(.text.fflush_stdout_and_exit)
           1a489            1a489       2d     1                 fflush_stdout_and_exit
           1a4b6            1a4b6        8     1         libbb/lib.a(fflush_stdout_and_exit.o):(.text.fflush_stdout_and_exit_SUCCESS)
           1a4b6            1a4b6        8     1                 fflush_stdout_and_exit_SUCCESS
           1a4be            1a4be      10e     1         libbb/lib.a(find_mount_point.o):(.text.find_mount_point)
           1a4be            1a4be      10e     1                 find_mount_point
           1a5cc            1a5cc       48     1         libbb/lib.a(full_write.o):(.text.full_write)
           1a5cc            1a5cc       48     1                 full_write
           1a614            1a614       1c     1         libbb/lib.a(get_last_path_component.o):(.text.bb_basename)
           1a614            1a614       1c     1                 bb_basename
           1a630            1a630       27     1         libbb/lib.a(get_last_path_component.o):(.text.bb_get_last_path_component_nostrip)
           1a630            1a630       27     1                 bb_get_last_path_component_nostrip
           1a657            1a657       2c     1         libbb/lib.a(get_last_path_component.o):(.text.bb_get_last_path_component_strip)
           1a657            1a657       2c     1                 bb_get_last_path_component_strip
           1a683            1a683       b2     1         libbb/lib.a(get_line_from_file.o):(.text.bb_get_chunk_from_file)
           1a683            1a683       b2     1                 bb_get_chunk_from_file
           1a735            1a735        b     1         libbb/lib.a(get_line_from_file.o):(.text.xmalloc_fgets)
           1a735            1a735        b     1                 xmalloc_fgets
           1a740            1a740       2c     1         libbb/lib.a(get_line_from_file.o):(.text.xmalloc_fgetline)
           1a740            1a740       2c     1                 xmalloc_fgetline
           1a76c            1a76c       84     1         libbb/lib.a(getopt32.o):(.text.getopt32)
           1a76c            1a76c       84     1                 getopt32
           1a7f0            1a7f0      48d     1         libbb/lib.a(getopt32.o):(.text.vgetopt32)
           1a7f0            1a7f0      48d     1                 vgetopt32
           1ac7d            1ac7d       c7     1         libbb/lib.a(human_readable.o):(.text.make_human_readable_str)
           1ac7d            1ac7d       c7     1                 make_human_readable_str
           1ad44            1ad44      1ab     1         libbb/lib.a(human_readable.o):(.text.smart_ulltoa5)
           1ad44            1ad44      1ab     1                 smart_ulltoa5
           1aeef            1aeef       3e     1         libbb/lib.a(auto_string.o):(.text.auto_string)
           1aeef            1aeef       3e     1                 auto_string
           1af2d            1af2d       6b     1         libbb/lib.a(inode_hash.o):(.text.is_in_ino_dev_hashtable)
           1af2d            1af2d       6b     1                 is_in_ino_dev_hashtable
           1af98            1af98       96     1         libbb/lib.a(inode_hash.o):(.text.add_to_ino_dev_hashtable)
           1af98            1af98       96     1                 add_to_ino_dev_hashtable
           1b02e            1b02e       42     1         libbb/lib.a(isdirectory.o):(.text.is_directory)
           1b02e            1b02e       42     1                 is_directory
           1b070            1b070       1f     1         libbb/lib.a(last_char_is.o):(.text.last_char_is)
           1b070            1b070       1f     1                 last_char_is
           1b08f            1b08f       27     1         libbb/lib.a(llist.o):(.text.llist_add_to)
           1b08f            1b08f       27     1                 llist_add_to
           1b0b6            1b0b6       29     1         libbb/lib.a(llist.o):(.text.llist_add_to_end)
           1b0b6            1b0b6       29     1                 llist_add_to_end
           1b0df            1b0df       24     1         libbb/lib.a(llist.o):(.text.llist_pop)
           1b0df            1b0df       24     1                 llist_pop
           1b103            1b103       32     1         libbb/lib.a(llist.o):(.text.llist_free)
           1b103            1b103       32     1                 llist_free
           1b135            1b135      1f6     1         libbb/lib.a(make_directory.o):(.text.bb_make_directory)
           1b135            1b135      1f6     1                 bb_make_directory
           1b32b            1b32b       85     1         libbb/lib.a(mode_string.o):(.text.bb_mode_string)
           1b32b            1b32b       85     1                 bb_mode_string
           1b3b0            1b3b0      1f8     1         libbb/lib.a(parse_mode.o):(.text.bb_parse_mode)
           1b3b0            1b3b0      1f8     1                 bb_parse_mode
           1b5a8            1b5a8       ac     1         libbb/lib.a(perror_msg.o):(.text.bb_perror_msg)
           1b5a8            1b5a8       ac     1                 bb_perror_msg
           1b654            1b654       a8     1         libbb/lib.a(perror_msg.o):(.text.bb_perror_msg_and_die)
           1b654            1b654       a8     1                 bb_perror_msg_and_die
           1b6fc            1b6fc       11     1         libbb/lib.a(perror_msg.o):(.text.bb_simple_perror_msg)
           1b6fc            1b6fc       11     1                 bb_simple_perror_msg
           1b70d            1b70d       12     1         libbb/lib.a(perror_msg.o):(.text.bb_simple_perror_msg_and_die)
           1b70d            1b70d       12     1                 bb_simple_perror_msg_and_die
           1b71f            1b71f        d     1         libbb/lib.a(perror_nomsg_and_die.o):(.text.bb_perror_nomsg_and_die)
           1b71f            1b71f        d     1                 bb_perror_nomsg_and_die
           1b72c            1b72c       9a     1         libbb/lib.a(print_numbered_lines.o):(.text.print_numbered_lines)
           1b72c            1b72c       9a     1                 print_numbered_lines
           1b7c6            1b7c6       34     1         libbb/lib.a(printable_string.o):(.text.printable_string2)
           1b7c6            1b7c6       34     1                 printable_string2
           1b7fa            1b7fa        a     1         libbb/lib.a(printable_string.o):(.text.printable_string)
           1b7fa            1b7fa        a     1                 printable_string
           1b804            1b804       e1     1         libbb/lib.a(process_escape_sequence.o):(.text.bb_process_escape_sequence)
           1b804            1b804       e1     1                 bb_process_escape_sequence
           1b8e5            1b8e5       10     1         libbb/lib.a(procps.o):(.text.get_cached_username)
           1b8e5            1b8e5       10     1                 get_cached_username
           1b8f5            1b8f5       cc     1         libbb/lib.a(procps.o):(.text.get_cached)
           1b8f5            1b8f5       cc     1                 get_cached
           1b9c1            1b9c1       11     1         libbb/lib.a(procps.o):(.text.get_cached_groupname)
           1b9c1            1b9c1       11     1                 get_cached_groupname
           1b9d2            1b9d2       27     1         libbb/lib.a(procps.o):(.text.free_procps_scan)
           1b9d2            1b9d2       27     1                 free_procps_scan
           1b9f9            1b9f9      340     1         libbb/lib.a(procps.o):(.text.procps_scan)
           1b9f9            1b9f9      340     1                 procps_scan
           1bd39            1bd39       4a     1         libbb/lib.a(procps.o):(.text.read_to_buf)
           1bd39            1bd39       4a     1                 read_to_buf
           1bd83            1bd83      16b     1         libbb/lib.a(procps.o):(.text.read_cmdline)
           1bd83            1bd83      16b     1                 read_cmdline
           1beee            1beee       3f     1         libbb/lib.a(read.o):(.text.safe_read)
           1beee            1beee       3f     1                 safe_read
           1bf2d            1bf2d       4a     1         libbb/lib.a(read.o):(.text.full_read)
           1bf2d            1bf2d       4a     1                 full_read
           1bf77            1bf77       20     1         libbb/lib.a(read.o):(.text.read_close)
           1bf77            1bf77       20     1                 read_close
           1bf97            1bf97       35     1         libbb/lib.a(read.o):(.text.open_read_close)
           1bf97            1bf97       35     1                 open_read_close
           1bfcc            1bfcc       63     1         libbb/lib.a(read_printf.o):(.text.nonblock_immune_read)
           1bfcc            1bfcc       63     1                 nonblock_immune_read
           1c02f            1c02f       df     1         libbb/lib.a(read_printf.o):(.text.xmalloc_read_with_initial_buf)
           1c02f            1c02f       df     1                 xmalloc_read_with_initial_buf
           1c10e            1c10e        9     1         libbb/lib.a(read_printf.o):(.text.xmalloc_read)
           1c10e            1c10e        9     1                 xmalloc_read
           1c117            1c117       40     1         libbb/lib.a(recursive_action.o):(.text.recursive_action)
           1c117            1c117       40     1                 recursive_action
           1c157            1c157        4     1         libbb/lib.a(recursive_action.o):(.text.true_action)
           1c157            1c157        4     1                 true_action
           1c15b            1c15b      162     1         libbb/lib.a(recursive_action.o):(.text.recursive_action1)
           1c15b            1c15b      162     1                 recursive_action1
           1c2bd            1c2bd      279     1         libbb/lib.a(remove_file.o):(.text.remove_file)
           1c2bd            1c2bd      279     1                 remove_file
           1c536            1c536       59     1         libbb/lib.a(replace.o):(.text.count_strstr)
           1c536            1c536       59     1                 count_strstr
           1c58f            1c58f       ba     1         libbb/lib.a(replace.o):(.text.xmalloc_substitute_string)
           1c58f            1c58f       ba     1                 xmalloc_substitute_string
           1c649            1c649       58     1         libbb/lib.a(safe_poll.o):(.text.safe_poll)
           1c649            1c649       58     1                 safe_poll
           1c6a1            1c6a1       16     1         libbb/lib.a(safe_strncpy.o):(.text.safe_strncpy)
           1c6a1            1c6a1       16     1                 safe_strncpy
           1c6b7            1c6b7       17     1         libbb/lib.a(safe_strncpy.o):(.text.overlapping_strcpy)
           1c6b7            1c6b7       17     1                 overlapping_strcpy
           1c6ce            1c6ce       3f     1         libbb/lib.a(safe_write.o):(.text.safe_write)
           1c6ce            1c6ce       3f     1                 safe_write
           1c70d            1c70d        7     1         libbb/lib.a(signals.o):(.text.sigaction_set)
           1c70d            1c70d        7     1                 sigaction_set
           1c714            1c714       25     1         libbb/lib.a(signals.o):(.text.sigprocmask_allsigs)
           1c714            1c714       25     1                 sigprocmask_allsigs
           1c739            1c739        8     1         libbb/lib.a(signals.o):(.text.sigprocmask2)
           1c739            1c739        8     1                 sigprocmask2
           1c741            1c741       25     1         libbb/lib.a(single_argv.o):(.text.skip_dash_dash)
           1c741            1c741       25     1                 skip_dash_dash
           1c766            1c766       1f     1         libbb/lib.a(single_argv.o):(.text.single_argv)
           1c766            1c766       1f     1                 single_argv
           1c785            1c785       22     1         libbb/lib.a(skip_whitespace.o):(.text.skip_whitespace)
           1c785            1c785       22     1                 skip_whitespace
           1c7a7            1c7a7       16     1         libbb/lib.a(sysconf.o):(.text.bb_arg_max)
           1c7a7            1c7a7       16     1                 bb_arg_max
           1c7bd            1c7bd        8     1         libbb/lib.a(sysconf.o):(.text.bb_clk_tck)
           1c7bd            1c7bd        8     1                 bb_clk_tck
           1c7c5            1c7c5      491     1         libbb/lib.a(time.o):(.text.parse_datestr)
           1c7c5            1c7c5      491     1                 parse_datestr
           1cc56            1cc56       25     1         libbb/lib.a(time.o):(.text.validate_tm_time)
           1cc56            1cc56       25     1                 validate_tm_time
           1cc7b            1cc7b        c     1         libbb/lib.a(time.o):(.text.strftime_HHMMSS)
           1cc7b            1cc7b        c     1                 strftime_HHMMSS
           1cc87            1cc87       55     1         libbb/lib.a(time.o):(.text.strftime_fmt)
           1cc87            1cc87       55     1                 strftime_fmt
           1ccdc            1ccdc       2e     1         libbb/lib.a(time.o):(.text.monotonic_ms)
           1ccdc            1ccdc       2e     1                 monotonic_ms
           1cd0a            1cd0a        5     1         libbb/lib.a(unicode.o):(.text.bb_wcrtomb)
           1cd0a            1cd0a        5     1                 bb_wcrtomb
           1cd0f            1cd0f       5c     1         libbb/lib.a(unicode.o):(.text.wcrtomb_internal)
           1cd0f            1cd0f       5c     1                 wcrtomb_internal
           1cd6b            1cd6b       9f     1         libbb/lib.a(unicode.o):(.text.bb_wcstombs)
           1cd6b            1cd6b       9f     1                 bb_wcstombs
           1ce0a            1ce0a       62     1         libbb/lib.a(unicode.o):(.text.bb_mbstowcs)
           1ce0a            1ce0a       62     1                 bb_mbstowcs
           1ce6c            1ce6c       7f     1         libbb/lib.a(unicode.o):(.text.mbstowc_internal)
           1ce6c            1ce6c       7f     1                 mbstowc_internal
           1ceeb            1ceeb      1b7     1         libbb/lib.a(unicode.o):(.text.bb_wcwidth)
           1ceeb            1ceeb      1b7     1                 bb_wcwidth
           1d0a2            1d0a2       49     1         libbb/lib.a(unicode.o):(.text.in_interval_table)
           1d0a2            1d0a2       49     1                 in_interval_table
           1d0eb            1d0eb       24     1         libbb/lib.a(unicode.o):(.text.unicode_strlen)
[...]
           2c631            2c631       68     1                 ctrl_left
           2c699            2c699        8     1         libbb/lib.a(lineedit.o):(.text.beep)
           2c699            2c699        8     1                 beep
           2c6a1            2c6a1       31     1         libbb/lib.a(lineedit.o):(.text.load_string)
           2c6a1            2c6a1       31     1                 load_string
           2c6d2            2c6d2       a2     1         libbb/lib.a(lineedit.o):(.text.put_cur_glyph_and_inc_cursor)
           2c6d2            2c6d2       a2     1                 put_cur_glyph_and_inc_cursor
           2c774            2c774       2c     1         libbb/lib.a(lineedit.o):(.text.save_string)
           2c774            2c774       2c     1                 save_string
           2c7a0            2c7a0       39     1         libbb/lib.a(lineedit.o):(.text.free_tab_completion_data)
           2c7a0            2c7a0       39     1                 free_tab_completion_data
           2c7d9            2c7d9       4e     1         libbb/lib.a(lineedit.o):(.text.get_homedir_or_NULL)
           2c7d9            2c7d9       4e     1                 get_homedir_or_NULL
           2c827            2c827       3b     1         libbb/lib.a(lineedit.o):(.text.put_prompt_custom)
           2c827            2c827       3b     1                 put_prompt_custom
           2c862            2c862       48     1         libbb/lib.a(lineedit.o):(.text.get_user_strings)
           2c862            2c862       48     1                 get_user_strings
           2c8aa            2c8aa      257     1         libbb/lib.a(lineedit.o):(.text.build_match_prefix)
           2c8aa            2c8aa      257     1                 build_match_prefix
           2cb01            2cb01      3cb     1         libbb/lib.a(lineedit.o):(.text.complete_cmd_dir_file)
           2cb01            2cb01      3cb     1                 complete_cmd_dir_file
           2cecc            2cecc        e     1         libbb/lib.a(lineedit.o):(.text.is_special_char)
           2cecc            2cecc        e     1                 is_special_char
           2ceda            2ceda       53     1         libbb/lib.a(lineedit.o):(.text.quote_special_chars)
           2ceda            2ceda       53     1                 quote_special_chars
           2cf2d            2cf2d       1e     1         libbb/lib.a(lineedit.o):(.text.remove_chunk)
           2cf2d            2cf2d       1e     1                 remove_chunk
           2cf4b            2cf4b       63     1         libbb/lib.a(lineedit.o):(.text.add_match)
           2cf4b            2cf4b       63     1                 add_match
           2cfae            2cfae       5d     1         libbb/lib.a(lineedit.o):(.text.save_command_ps_at_cur_history)
           2cfae            2cfae       5d     1                 save_command_ps_at_cur_history
           2d00b            2d00b       25     1         libbb/lib.a(lineedit.o):(.text.BB_ispunct)
           2d00b            2d00b       25     1                 BB_ispunct
           2d030            2d030      22f     1         libbb/lib.a(read_key.o):(.text.read_key)
           2d030            2d030      22f     1                 read_key
           2d25f            2d25f       31     1         libbb/lib.a(read_key.o):(.text.read_key_ungets)
           2d25f            2d25f       31     1                 read_key_ungets
           2d290            2d290       34     1         libbb/lib.a(safe_gethostname.o):(.text.safe_gethostname)
           2d290            2d290       34     1                 safe_gethostname
           2d2c4            2d2c4        b     1         libbb/lib.a(bb_qsort.o):(.text.bb_pstrcmp)
           2d2c4            2d2c4        b     1                 bb_pstrcmp
           2d2cf            2d2cf       11     1         libbb/lib.a(bb_qsort.o):(.text.qsort_string_vector)
           2d2cf            2d2cf       11     1                 qsort_string_vector
           2d2e0            2d2e0        f     1         shell/lib.a(math.o):(.text.arith)
           2d2e0            2d2e0        f     1                 arith
           2d2ef            2d2ef      5e4     1         shell/lib.a(math.o):(.text.evaluate_string)
           2d2ef            2d2ef      5e4     1                 evaluate_string
           2d8d3            2d8d3      2f5     1         shell/lib.a(math.o):(.text.arith_apply)
           2d8d3            2d8d3      2f5     1                 arith_apply
           2dbc8            2dbc8       8d     1         shell/lib.a(math.o):(.text.parse_with_base)
           2dbc8            2dbc8       8d     1                 parse_with_base
           2dc55            2dc55       41     1         shell/lib.a(shell_common.o):(.text.varcmp)
           2dc55            2dc55       41     1                 varcmp
           2dc96            2dc96      5eb     1         shell/lib.a(shell_common.o):(.text.shell_builtin_read)
           2dc96            2dc96      5eb     1                 shell_builtin_read
           2e281            2e281      2e9     1         shell/lib.a(shell_common.o):(.text.shell_builtin_ulimit)
           2e281            2e281      2e9     1                 shell_builtin_ulimit
           2e56a            2e56a       33     1         shell/lib.a(shell_common.o):(.text.printlim)
           2e56a            2e56a       33     1                 printlim
           2e5a0            2e5a0      c00    16 .plt
           2e5a0            2e5a0      c00    16         <internal>:(.plt)
           301a0            301a0      708    16 .data.rel.ro
           301a0            301a0      1a0    16         libbb/lib.a(appletlib.o):(.data.rel.ro.applet_main)
           301a0            301a0      1a0     1                 applet_main
           30340            30340       10     8         libbb/lib.a(getopt32.o):(.data.rel.ro.bb_argv_dash)
           30340            30340       10     1                 bb_argv_dash
           30350            30350      108     8         shell/lib.a(ash.o):(.data.rel.ro.varinit_data)
           30350            30350      108     1                 varinit_data
           30460            30460      2c0    16         shell/lib.a(ash.o):(.data.rel.ro.builtintab)
           30460            30460      2c0     1                 builtintab
           30720            30720       f0     8         shell/lib.a(ash.o):(.data.rel.ro.tokname_array)
           30720            30720       f0     1                 tokname_array
           30810            30810       88     8         shell/lib.a(ash.o):(.data.rel.ro.optletters_optnames)
           30810            30810       88     1                 optletters_optnames
           30898            30898       10     8         shell/lib.a(ash.o):(.data.rel.ro.evalcommand.null_bltin)
           30898            30898       10     1                 evalcommand.null_bltin
           308a8            308a8      140     8 .dynamic
           308a8            308a8      140     8         <internal>:(.dynamic)
           309e8            309e8       70     8 .got
           309e8            309e8       70     8         <internal>:(.got)
           30a58            30a58      5a8     1 .relro_padding
           30a58            30a58        0     1         <internal>:(.relro_padding)
           31a58            31a58       24     8 .data
           31a58            31a58        1     1         libbb/lib.a(default_error_retval.o):(.data.xfunc_error_retval)
           31a58            31a58        1     1                 xfunc_error_retval
           31a59            31a59        1     1         libbb/lib.a(verror_msg.o):(.data.logmode)
           31a59            31a59        1     1                 logmode
           31a60            31a60        8     8         libbb/lib.a(verror_msg.o):(.data.msg_eol)
           31a60            31a60        8     1                 msg_eol
           31a68            31a68        4     4         shell/lib.a(ash.o):(.data.builtinloc)
           31a68            31a68        4     1                 builtinloc
           31a70            31a70        8     8         shell/lib.a(ash.o):(.data.g_parsefile)
           31a70            31a70        8     1                 g_parsefile
           31a78            31a78        4     4         shell/lib.a(ash.o):(.data.ttyfd)
           31a78            31a78        4     1                 ttyfd
           31a80            31a80      610     8 .got.plt
           31a80            31a80      610     8         <internal>:(.got.plt)
           32090            32090      6b8    16 .bss
           32090            32090        8     8         libbb/lib.a(appletlib.o):(.bss.applet_name)
           32090            32090        8     1                 applet_name
           32098            32098        8     8         coreutils/lib.a(test_ptr_hack.o):(.bss.test_ptr_to_statics)
           32098            32098        8     1                 test_ptr_to_statics
           320a0            320a0        1     1         coreutils/lib.a(sort.o):(.bss.key_separator)
           320a0            320a0        1     1                 key_separator
           320a8            320a8        8     8         coreutils/lib.a(sort.o):(.bss.key_list)
           320a8            320a8        8     1                 key_list
           320b0            320b0      400     8         libbb/lib.a(common_bufsiz.o):(.bss.bb_common_bufsiz1)
           320b0            320b0      400     1                 bb_common_bufsiz1
           324b0            324b0        4     4         libbb/lib.a(getopt32.o):(.bss.option_mask32)
           324b0            324b0        4     1                 option_mask32
           324c0            324c0       20    16         libbb/lib.a(auto_string.o):(.bss.auto_string.saved)
           324c0            324c0       20     1                 auto_string.saved
           324e0            324e0        1     1         libbb/lib.a(auto_string.o):(.bss.auto_string.cur_saved)
           324e0            324e0        1     1                 auto_string.cur_saved
           324e8            324e8        8     8         libbb/lib.a(inode_hash.o):(.bss.ino_dev_hashtable)
           324e8            324e8        8     1                 ino_dev_hashtable
           324f0            324f0        8     8         libbb/lib.a(procps.o):(.bss.cache_user_group)
           324f0            324f0        8     1                 cache_user_group
           324f8            324f8        8     8         libbb/lib.a(ptr_to_globals.o):(.bss.ptr_to_globals)
           324f8            324f8        8     1                 ptr_to_globals
           32500            32500        8     8         libbb/lib.a(ptr_to_globals.o):(.bss.bb_errno)
           32500            32500        8     1                 bb_errno
           32508            32508        1     1         libbb/lib.a(signals.o):(.bss.bb_got_signal)
           32508            32508        1     1                 bb_got_signal
           32510            32510       40    16         libbb/lib.a(vfork_daemon_rexec.o):(.bss.die_jmp)
           32510            32510       40     1                 die_jmp
           32550            32550        8     8         libbb/lib.a(xfunc_die.o):(.bss.die_func)
           32550            32550        8     1                 die_func
           32558            32558        c     1         libbb/lib.a(xfuncs.o):(.bss.local_buf)
           32558            32558        c     1                 local_buf
           32568            32568        8     8         shell/lib.a(ash.o):(.bss.atab)
           32568            32568        8     1                 atab
           32570            32570        8     8         shell/lib.a(ash.o):(.bss.cmdtable)
           32570            32570        8     1                 cmdtable
           32578            32578        8     8         shell/lib.a(ash.o):(.bss.line_input_state)
           32578            32578        8     1                 line_input_state
           32580            32580        8     8         shell/lib.a(ash.o):(.bss.commandname)
           32580            32580        8     1                 commandname
           32588            32588       88     8         shell/lib.a(ash.o):(.bss.basepf)
           32588            32588       88     1                 basepf
           32610            32610        1     1         shell/lib.a(ash.o):(.bss.evalskip)
           32610            32610        1     1                 evalskip
           32614            32614        4     4         shell/lib.a(ash.o):(.bss.loopnest)
           32614            32614        4     1                 loopnest
           32618            32618       18     8         shell/lib.a(ash.o):(.bss.ifsfirst)
           32618            32618       18     1                 ifsfirst
           32630            32630        8     8         shell/lib.a(ash.o):(.bss.ifslastp)
           32630            32630        8     1                 ifslastp
           32638            32638        1     1         shell/lib.a(ash.o):(.bss.doing_jobctl)
           32638            32638        1     1                 doing_jobctl
           3263c            3263c        4     4         shell/lib.a(ash.o):(.bss.initialpgrp)
           3263c            3263c        4     1                 initialpgrp
           32640            32640        1     1         shell/lib.a(ash.o):(.bss.checkkwd)
           32640            32640        1     1                 checkkwd
           32648            32648        8     8         shell/lib.a(ash.o):(.bss.localvar_stack)
           32648            32648        8     1                 localvar_stack
           32650            32650        1     1         shell/lib.a(ash.o):(.bss.setinteractive.is_interactive)
           32650            32650        1     1                 setinteractive.is_interactive
           32658            32658        8     8         shell/lib.a(ash.o):(.bss.argptr)
           32658            32658        8     1                 argptr
           32660            32660        8     8         shell/lib.a(ash.o):(.bss.optptr)
           32660            32660        8     1                 optptr
           32668            32668        8     8         shell/lib.a(ash.o):(.bss.optionarg)
           32668            32668        8     1                 optionarg
           32670            32670        8     8         shell/lib.a(ash.o):(.bss.pathopt)
           32670            32670        8     1                 pathopt
           32678            32678        8     8         shell/lib.a(ash.o):(.bss.curjob)
           32678            32678        8     1                 curjob
           32680            32680        4     4         shell/lib.a(ash.o):(.bss.njobs)
           32680            32680        4     1                 njobs
           32688            32688        8     8         shell/lib.a(ash.o):(.bss.jobtab)
           32688            32688        8     1                 jobtab
           32690            32690        4     4         shell/lib.a(ash.o):(.bss.skipcount)
           32690            32690        4     1                 skipcount
           32698            32698        8     8         shell/lib.a(ash.o):(.bss.lastcmdentry)
           32698            32698        8     1                 lastcmdentry
           326a0            326a0        8     8         shell/lib.a(ash.o):(.bss.heredoclist)
           326a0            326a0        8     1                 heredoclist
           326a8            326a8        1     1         shell/lib.a(ash.o):(.bss.doprompt)
           326a8            326a8        1     1                 doprompt
           326b0            326b0        8     8         shell/lib.a(ash.o):(.bss.wordtext)
           326b0            326b0        8     1                 wordtext
           326b8            326b8        8     8         shell/lib.a(ash.o):(.bss.backquotelist)
           326b8            326b8        8     1                 backquotelist
           326c0            326c0        1     1         shell/lib.a(ash.o):(.bss.lasttoken)
           326c0            326c0        1     1                 lasttoken
           326c1            326c1        1     1         shell/lib.a(ash.o):(.bss.quoteflag)
           326c1            326c1        1     1                 quoteflag
           326c2            326c2        1     1         shell/lib.a(ash.o):(.bss.needprompt)
           326c2            326c2        1     1                 needprompt
           326c8            326c8        8     8         shell/lib.a(ash.o):(.bss.heredoc)
           326c8            326c8        8     1                 heredoc
           326d0            326d0        8     8         shell/lib.a(ash.o):(.bss.redirnode)
           326d0            326d0        8     1                 redirnode
           326d8            326d8        1     1         shell/lib.a(ash.o):(.bss.tokpushback)
           326d8            326d8        1     1                 tokpushback
           326e0            326e0        8     8         shell/lib.a(ash.o):(.bss.cmdedit_prompt)
           326e0            326e0        8     1                 cmdedit_prompt
           326e8            326e8        8     8         shell/lib.a(ash.o):(.bss.expdest)
           326e8            326e8        8     1                 expdest
           326f0            326f0        8     8         shell/lib.a(ash.o):(.bss.argbackq)
           326f0            326f0        8     1                 argbackq
           326f8            326f8       10     8         shell/lib.a(ash.o):(.bss.exparg)
           326f8            326f8       10     1                 exparg
           32708            32708        8     8         shell/lib.a(ash.o):(.bss.cmdnextc)
           32708            32708        8     1                 cmdnextc
           32710            32710        4     4         shell/lib.a(ash.o):(.bss.funcline)
           32710            32710        4     1                 funcline
           32718            32718        8     8         shell/lib.a(ash.o):(.bss.funcblock)
           32718            32718        8     1                 funcblock
           32720            32720        8     8         shell/lib.a(ash.o):(.bss.funcstring_end)
           32720            32720        8     1                 funcstring_end
           32728            32728        8     8         libbb/lib.a(lineedit_ptr_hack.o):(.bss.lineedit_ptr_to_statics)
           32728            32728        8     1                 lineedit_ptr_to_statics
           32730            32730        8     8         shell/lib.a(ash_ptr_hack.o):(.bss.ash_ptr_to_globals_misc)
           32730            32730        8     1                 ash_ptr_to_globals_misc
           32738            32738        8     8         shell/lib.a(ash_ptr_hack.o):(.bss.ash_ptr_to_globals_memstack)
           32738            32738        8     1                 ash_ptr_to_globals_memstack
           32740            32740        8     8         shell/lib.a(ash_ptr_hack.o):(.bss.ash_ptr_to_globals_var)
           32740            32740        8     1                 ash_ptr_to_globals_var
               0                0       40     1 .comment
               0                0       40     1         <internal>:(.comment)
               0                0     6f30     8 .symtab
               0                0     6f30     8         <internal>:(.symtab)
               0                0       ca     1 .shstrtab
               0                0       ca     1         <internal>:(.shstrtab)
               0                0     3766     1 .strtab
               0                0     3766     1         <internal>:(.strtab)
