             VMA              LMA     Size Align Out     In      Symbol
             270              270       18     1 .interp
             270              270       18     1         <internal>:(.interp)
             288              288       24     4 .note.gnu.build-id
             288              288       24     4         <internal>:(.note.gnu.build-id)
             2b0              2b0     12a8     8 .dynsym
             2b0              2b0     12a8     8         <internal>:(.dynsym)
            1558             1558       1c     8 .gnu.hash
            1558             1558       1c     8         <internal>:(.gnu.hash)
            1574             1574      633     1 .dynstr
            1574             1574      633     1         <internal>:(.dynstr)
            1ba8             1ba8     1470     8 .rela.dyn
            1ba8             1ba8     1470     8         <internal>:(.rela.dyn)
            3018             3018     11e8     8 .rela.plt
            3018             3018     11e8     8         <internal>:(.rela.plt)
            4200             4200     5390    16 .rodata
            4200             4200        6     2         libbb/lib.a(appletlib.o):(.rodata.applet_nameofs)
            4200             4200        6     1                 applet_nameofs
            4206             4206      101     1         libbb/lib.a(appletlib.o):(.rodata.applet_names)
            4206             4206      101     1                 applet_names
            4307             4307        d     1         libbb/lib.a(appletlib.o):(.rodata.applet_flags)
            4307             4307        d     1                 applet_flags
            4314             4314     1561     1         libbb/lib.a(appletlib.o):(.rodata.packed_usage)
            4314             4314     1561     1                 packed_usage
            5875             5875     20aa     1         <internal>:(.rodata.str1.1)
            7920             7920       14     4         coreutils/lib.a(test.o):(.rodata.binop)
            7934             7934        2     1         coreutils/lib.a(test.o):(.rodata.check_operator.no_op)
            7934             7934        2     1                 check_operator.no_op
            7936             7936       85     1         coreutils/lib.a(test.o):(.rodata.ops_texts)
            7936             7936       85     1                 ops_texts
            79bc             79bc       56     2         coreutils/lib.a(test.o):(.rodata.ops_table)
            79bc             79bc       56     1                 ops_table
            7a14             7a14       2c     4         editors/lib.a(awk.o):(.rodata.parse_program)
            7a40             7a40       28     8         <internal>:(.rodata.cst8)
            7a70             7a70       a0    16         <internal>:(.rodata.cst16)
            7b10             7b10      104     4         editors/lib.a(awk.o):(.rodata.evaluate)
            7c14             7c14       48     4         editors/lib.a(awk.o):(.rodata.exec_builtin)
            7c5c             7c5c       6b     1         editors/lib.a(awk.o):(.rodata.vNames)
            7c5c             7c5c       6b     1                 vNames
            7cc7             7cc7       19     1         editors/lib.a(awk.o):(.rodata.vValues)
            7cc7             7cc7       19     1                 vValues
            7ce0             7ce0        a     2         editors/lib.a(awk.o):(.rodata.PRIMES)
            7ce0             7ce0        a     1                 PRIMES
            7cea             7cea       19     1         editors/lib.a(awk.o):(.rodata.EMSG_INV_FMT)
            7cea             7cea       19     1                 EMSG_INV_FMT
            7d03             7d03       11     1         editors/lib.a(awk.o):(.rodata.EMSG_UNEXP_TOKEN)
            7d03             7d03       11     1                 EMSG_UNEXP_TOKEN
            7d14             7d14       19     1         editors/lib.a(awk.o):(.rodata.EMSG_UNEXP_EOS)
            7d14             7d14       19     1                 EMSG_UNEXP_EOS
            7d2d             7d2d      1c0     1         editors/lib.a(awk.o):(.rodata.tokenlist)
            7d2d             7d2d      1c0     1                 tokenlist
            7ef0             7ef0      190     4         editors/lib.a(awk.o):(.rodata.tokeninfo)
            7ef0             7ef0      190     1                 tokeninfo
            8080             8080       12     1         editors/lib.a(awk.o):(.rodata.EMSG_TOO_FEW_ARGS)
            8080             8080       12     1                 EMSG_TOO_FEW_ARGS
            8092             8092        d     1         editors/lib.a(awk.o):(.rodata.EMSG_NOT_ARRAY)
            8092             8092        d     1                 EMSG_NOT_ARRAY
            809f             809f       16     1         editors/lib.a(awk.o):(.rodata.EMSG_POSSIBLE_ERROR)
            809f             809f       16     1                 EMSG_POSSIBLE_ERROR
            80b5             80b5       1b     1         editors/lib.a(awk.o):(.rodata.EMSG_UNDEF_FUNC)
            80b5             80b5       1b     1                 EMSG_UNDEF_FUNC
            80d0             80d0       19     1         editors/lib.a(awk.o):(.rodata.EMSG_NEGATIVE_FIELD)
            80d0             80d0       19     1                 EMSG_NEGATIVE_FIELD
            80e9             80e9       11     1         editors/lib.a(awk.o):(.rodata.EMSG_DIV_BY_ZERO)
            80e9             80e9       11     1                 EMSG_DIV_BY_ZERO
            80fa             80fa        9     1         coreutils/lib.a(basename.o):(.rodata..L.str)
            8103             8103        6     1         coreutils/lib.a(chmod.o):(.rodata..L.str.1)
            8109             8109        7     1         coreutils/lib.a(chown.o):(.rodata..L.str)
            8110             8110       30     1         coreutils/lib.a(cp.o):(.rodata..L.str)
            8140             8140       24     1         coreutils/lib.a(cut.o):(.rodata..L.str)
            8164             8164       1f     1         coreutils/lib.a(cut.o):(.rodata.cut_main._op_on_field)
            8164             8164       1f     1                 cut_main._op_on_field
            8183             8183       23     1         coreutils/lib.a(date.o):(.rodata..L.str)
            81a6             81a6       1f     1         coreutils/lib.a(date.o):(.rodata.date_main.isoformats)
            81a6             81a6       1f     1                 date_main.isoformats
            81c8             81c8       18     4         coreutils/lib.a(dd.o):(.rodata.dd_main)
            81e0             81e0       1a     1         coreutils/lib.a(dd.o):(.rodata.dd_main.keywords)
            81e0             81e0       1a     1                 dd_main.keywords
            81fa             81fa       1d     1         coreutils/lib.a(df.o):(.rodata..L.str.1)
            8217             8217       2f     1         coreutils/lib.a(du.o):(.rodata..L.str.1)
            8248             8248       54     4         findutils/lib.a(find.o):(.rodata.find_main)
            829c             829c       5a     1         findutils/lib.a(find.o):(.rodata.parse_params.params)
            829c             829c       5a     1                 parse_params.params
            82f6             82f6       30     1         findutils/lib.a(grep.o):(.rodata..L.str)
            8326             8326        7     1         coreutils/lib.a(head.o):(.rodata.head_opts)
            8326             8326        7     1                 head_opts
            832d             832d       25     1         coreutils/lib.a(install.o):(.rodata..L.str)
            8352             8352        d     1         coreutils/lib.a(ln.o):(.rodata..L.str.1)
            835f             835f       60     1         coreutils/lib.a(ls.o):(.rodata..L.str)
            83bf             83bf       11     1         coreutils/lib.a(ls.o):(.rodata..L.str.20)
            83d0             83d0       25     1         coreutils/lib.a(mv.o):(.rodata..L.str)
            83f5             83f5       2d     1         coreutils/lib.a(mv.o):(.rodata.mv_main.fmt)
            83f5             83f5       2d     1                 mv_main.fmt
            8424             8424       58     4         coreutils/lib.a(printf.o):(.rodata.printf_main)
            847c             847c        e     1         coreutils/lib.a(printf.o):(.rodata.print_formatted.format_chars)
            847c             847c        e     1                 print_formatted.format_chars
            848a             848a        a     1         coreutils/lib.a(readlink.o):(.rodata..L.str)
            8494             8494        f     1         coreutils/lib.a(rm.o):(.rodata..L.str)
            84a4             84a4       d8     4         editors/lib.a(sed.o):(.rodata.process_files)
            857c             857c       11     1         editors/lib.a(sed.o):(.rodata..L.str.2)
            858d             858d        7     1         editors/lib.a(sed.o):(.rodata.semicolon_whitespace)
            858d             858d        7     1                 semicolon_whitespace
            8594             8594       1c     1         editors/lib.a(sed.o):(.rodata.parse_cmd_args.cmd_letters)
            8594             8594       1c     1                 parse_cmd_args.cmd_letters
            85b0             85b0       24     4         coreutils/lib.a(sort.o):(.rodata.compare_keys)
            85d4             85d4       26     1         coreutils/lib.a(sort.o):(.rodata.sort_opt_str)
            85d4             85d4       26     1                 sort_opt_str
            85fa             85fa        9     1         coreutils/lib.a(sort.o):(.rodata.scale_suffix.suffix)
            85fa             85fa        9     1                 scale_suffix.suffix
            8604             8604      118     4         coreutils/lib.a(stat.o):(.rodata.print_stat)
            871c             871c       38     4         coreutils/lib.a(stat.o):(.rodata.print_statfs)
            8754             8754        a     1         coreutils/lib.a(stat.o):(.rodata..L.str)
            8760             8760       8c     4         coreutils/lib.a(stat.o):(.rodata.human_fstype.fstype)
            8760             8760       8c     1                 human_fstype.fstype
            87ec             87ec       ec     1         coreutils/lib.a(stat.o):(.rodata.human_fstype.humanname)
            87ec             87ec       ec     1                 human_fstype.humanname
            88d8             88d8        8     1         <internal>:(.rodata.cst4)
            88e0             88e0       1a     1         coreutils/lib.a(touch.o):(.rodata..L.str)
            88fa             88fa        d     1         coreutils/lib.a(tr.o):(.rodata..L.str)
            8907             8907        6     1         debianutils/lib.a(which.o):(.rodata..L.str.1)
            8910             8910       28     4         libbb/lib.a(duration.o):(.rodata.duration_suffixes)
            8910             8910       28     1                 duration_suffixes
            8938             8938        9     1         libbb/lib.a(human_readable.o):(.rodata.make_human_readable_str.unit_chars)
            8938             8938        9     1                 make_human_readable_str.unit_chars
            8941             8941       2a     1         libbb/lib.a(messages.o):(.rodata.bb_banner)
            8941             8941       2a     1                 bb_banner
            896b             896b        e     1         libbb/lib.a(messages.o):(.rodata.bb_msg_memory_exhausted)
            896b             896b        e     1                 bb_msg_memory_exhausted
            8979             8979       12     1         libbb/lib.a(messages.o):(.rodata.bb_msg_invalid_date)
            8979             8979       12     1                 bb_msg_invalid_date
            898b             898b        a     1         libbb/lib.a(messages.o):(.rodata.bb_msg_unknown)
            898b             898b        a     1                 bb_msg_unknown
            8995             8995       18     1         libbb/lib.a(messages.o):(.rodata.bb_msg_requires_arg)
            8995             8995       18     1                 bb_msg_requires_arg
            89ad             89ad       1e     1         libbb/lib.a(messages.o):(.rodata.bb_msg_invalid_arg_to)
            89ad             89ad       1e     1                 bb_msg_invalid_arg_to
            89cb             89cb        f     1         libbb/lib.a(messages.o):(.rodata.bb_msg_standard_input)
            89cb             89cb        f     1                 bb_msg_standard_input
            89da             89da       10     1         libbb/lib.a(messages.o):(.rodata.bb_msg_standard_output)
            89da             89da       10     1                 bb_msg_standard_output
            89ea             89ea       16     1         libbb/lib.a(messages.o):(.rodata.bb_busybox_exec_path)
            89ea             89ea       16     1                 bb_busybox_exec_path
            8a00             8a00       23     1         libbb/lib.a(messages.o):(.rodata.bb_PATH_root_path)
            8a00             8a00       23     1                 bb_PATH_root_path
            8a24             8a24        4     4         libbb/lib.a(messages.o):(.rodata.const_int_0)
            8a24             8a24        4     1                 const_int_0
            8a28             8a28        7     1         libbb/lib.a(mode_string.o):(.rodata.mode_chars)
            8a28             8a28        7     1                 mode_chars
            8a30             8a30        c     2         libbb/lib.a(parse_mode.o):(.rodata.bb_parse_mode.perm_mask)
            8a30             8a30        c     1                 bb_parse_mode.perm_mask
            8a3c             8a3c        5     1         libbb/lib.a(parse_mode.o):(.rodata.bb_parse_mode.who_chars)
            8a3c             8a3c        5     1                 bb_parse_mode.who_chars
            8a41             8a41        7     1         libbb/lib.a(parse_mode.o):(.rodata.bb_parse_mode.perm_chars)
            8a41             8a41        7     1                 bb_parse_mode.perm_chars
            8a48             8a48       14     1         libbb/lib.a(process_escape_sequence.o):(.rodata.bb_process_escape_sequence.charmap)
            8a48             8a48       14     1                 bb_process_escape_sequence.charmap
            8a5c             8a5c       2c     4         libbb/lib.a(time.o):(.rodata.parse_datestr)
            8a88             8a88       94     4         libbb/lib.a(unicode.o):(.rodata.bb_wcwidth.combining)
            8a88             8a88       94     1                 bb_wcwidth.combining
            8b1c             8b1c       b8     2         libbb/lib.a(unicode.o):(.rodata.bb_wcwidth.combining1)
            8b1c             8b1c       b8     1                 bb_wcwidth.combining1
            8bd4             8bd4       28     4         libbb/lib.a(unicode.o):(.rodata.bb_wcwidth.combining0x10000)
            8bd4             8bd4       28     1                 bb_wcwidth.combining0x10000
            8bfc             8bfc       20     4         libbb/lib.a(xatonum.o):(.rodata.bkm_suffixes)
            8bfc             8bfc       20     1                 bkm_suffixes
            8c1c             8c1c       80     4         libbb/lib.a(xatonum.o):(.rodata.cwbkMG_suffixes)
            8c1c             8c1c       80     1                 cwbkMG_suffixes
            8c9c             8c9c       80     4         libbb/lib.a(xatonum.o):(.rodata.kmg_i_suffixes)
            8c9c             8c9c       80     1                 kmg_i_suffixes
            8d1c             8d1c       e0     1         libbb/lib.a(u_signal_names.o):(.rodata.signals)
            8d1c             8d1c       e0     1                 signals
            8dfc             8dfc       20     4         shell/lib.a(ash.o):(.rodata.readcmd)
            8e1c             8e1c       34     4         shell/lib.a(ash.o):(.rodata.readtoken1)
            8e50             8e50       70     4         shell/lib.a(ash.o):(.rodata.parse_command)
            8ec0             8ec0       24     4         shell/lib.a(ash.o):(.rodata.argstr)
            8ee4             8ee4       18     4         shell/lib.a(ash.o):(.rodata.evalvar)
            8efc             8efc       80     4         shell/lib.a(ash.o):(.rodata.varvalue)
            8f7c             8f7c       6c     4         shell/lib.a(ash.o):(.rodata.cmdtxt)
            8fe8             8fe8       24     4         shell/lib.a(ash.o):(.rodata.cmdputs)
            900c             900c       3c     4         shell/lib.a(ash.o):(.rodata.evaltree)
            9048             9048       18     4         shell/lib.a(ash.o):(.rodata.redirect)
            9060             9060       6c     4         shell/lib.a(ash.o):(.rodata.calcsize)
            90cc             90cc       6c     4         shell/lib.a(ash.o):(.rodata.copynode)
            9138             9138        a     1         shell/lib.a(ash.o):(.rodata..L.str.198)
            9142             9142        9     1         shell/lib.a(ash.o):(.rodata.timescmd_str)
            9142             9142        9     1                 timescmd_str
            914b             914b        3     1         shell/lib.a(ash.o):(.rodata.umaskcmd.permuser)
            914b             914b        3     1                 umaskcmd.permuser
            914e             914e        6     1         shell/lib.a(ash.o):(.rodata.readtoken1.types)
            914e             914e        6     1                 readtoken1.types
            9154             9154       1a     1         shell/lib.a(ash.o):(.rodata.SIT.spec_symbls)
            9154             9154       1a     1                 SIT.spec_symbls
            916e             916e       19     1         shell/lib.a(ash.o):(.rodata.SIT.syntax_index_table)
            916e             916e       19     1                 SIT.syntax_index_table
            9188             9188       16     2         shell/lib.a(ash.o):(.rodata.S_I_T)
            9188             9188       16     1                 S_I_T
            919e             919e       12     1         shell/lib.a(ash.o):(.rodata.decode_dollar_squote.C_escapes)
            919e             919e       12     1                 decode_dollar_squote.C_escapes
            91b0             91b0        7     1         shell/lib.a(ash.o):(.rodata.dolatstr)
            91b0             91b0        7     1                 dolatstr
            91b7             91b7        4     1         shell/lib.a(ash.o):(.rodata.rmescapes.qchars)
            91b7             91b7        4     1                 rmescapes.qchars
            91bb             91bb        7     1         shell/lib.a(ash.o):(.rodata.xxreadtoken_chars)
            91bb             91bb        7     1                 xxreadtoken_chars
            91c2             91c2        a     1         shell/lib.a(ash.o):(.rodata.xxreadtoken_tokens)
            91c2             91c2        a     1                 xxreadtoken_tokens
            91cc             91cc        c     1         shell/lib.a(ash.o):(.rodata.argstr.spclchars)
            91cc             91cc        c     1                 argstr.spclchars
            91d8             91d8       30     1         shell/lib.a(ash.o):(.rodata.cmdputs.vstype)
            91d8             91d8       30     1                 cmdputs.vstype
            9208             9208       1b     1         shell/lib.a(ash.o):(.rodata.nodesize)
            9208             9208       1b     1                 nodesize
            9223             9223        7     1         shell/lib.a(ash.o):(.rodata.hasmeta.chars)
            9223             9223        7     1                 hasmeta.chars
            922c             922c       ac     4         libbb/lib.a(lineedit.o):(.rodata.read_line_input)
            92d8             92d8       3c     4         libbb/lib.a(lineedit.o):(.rodata.parse_and_put_prompt)
            9314             9314       60     4         shell/lib.a(math.o):(.rodata.arith_apply)
            9374             9374       8d     1         shell/lib.a(math.o):(.rodata.op_tokens)
            9374             9374       8d     1                 op_tokens
            9401             9401        8     1         shell/lib.a(shell_common.o):(.rodata.defifsvar)
            9401             9401        8     1                 defifsvar
            9409             9409        9     1         shell/lib.a(shell_common.o):(.rodata.defoptindvar)
            9409             9409        9     1                 defoptindvar
            9412             9412       32     1         shell/lib.a(shell_common.o):(.rodata.ulimit_opt_string)
            9412             9412       32     1                 ulimit_opt_string
            9444             9444      11e     1         shell/lib.a(shell_common.o):(.rodata.limits_help)
            9444             9444      11e     1                 limits_help
            9562             9562       1e     2         shell/lib.a(shell_common.o):(.rodata.limits_tbl)
            9562             9562       1e     1                 limits_tbl
            9580             9580       10     1         shell/lib.a(shell_common.o):(.rodata.limit_chars)
            9580             9580       10     1                 limit_chars
            a590             a590        3     1 .init
            a590             a590        1     1         /home/nqetm/Documents/ZenOS/userland/files/busybox/../../sysroot/usr/lib/crti.o:(.init)
            a590             a590        0     1                 _init
            a591             a591        2     1         /home/nqetm/Documents/ZenOS/userland/files/busybox/../../sysroot/usr/lib/crtn.o:(.init)
            a593             a593        3     1 .fini
            a593             a593        1     1         /home/nqetm/Documents/ZenOS/userland/files/busybox/../../sysroot/usr/lib/crti.o:(.fini)
            a593             a593        0     1                 _fini
            a594             a594        2     1         /home/nqetm/Documents/ZenOS/userland/files/busybox/../../sysroot/usr/lib/crtn.o:(.fini)
            a598             a598    23df7     4 .text
            a598             a598        f     4         /home/nqetm/Documents/ZenOS/userland/files/busybox/../../sysroot/usr/lib/crt0.o:(.text)
            a598             a598        0     1                 _start
            a5a7             a5a7      1c5     1         libbb/lib.a(appletlib.o):(.text.busybox_main)
            a5a7             a5a7      1c5     1                 busybox_main
            a76c             a76c       10     1         libbb/lib.a(appletlib.o):(.text.string_array_len)
            a76c             a76c       10     1                 string_array_len
            a77c             a77c       ba     1         libbb/lib.a(appletlib.o):(.text.bb_show_usage)
            a77c             a77c       ba     1                 bb_show_usage
            a836             a836       99     1         libbb/lib.a(appletlib.o):(.text.find_applet_by_name)
            a836             a836       99     1                 find_applet_by_name
            a8cf             a8cf       63     1         libbb/lib.a(appletlib.o):(.text.run_applet_and_exit)
            a8cf             a8cf       63     1                 run_applet_and_exit
            a932             a932       47     1         libbb/lib.a(appletlib.o):(.text.show_usage_if_dash_dash_help)
            a932             a932       47     1                 show_usage_if_dash_dash_help
            a979             a979       3c     1         libbb/lib.a(appletlib.o):(.text.run_applet_no_and_exit)
            a979             a979       3c     1                 run_applet_no_and_exit
            a9b5             a9b5       75     1         libbb/lib.a(appletlib.o):(.text.main)
            a9b5             a9b5       75     1                 main
            aa2a             aa2a       d2     1         archival/libarchive/lib.a(decompress_bunzip2.o):(.text.start_bunzip)
            aa2a             aa2a       d2     1                 start_bunzip
            aafc             aafc      799     1         archival/libarchive/lib.a(decompress_bunzip2.o):(.text.read_bunzip)
            aafc             aafc      799     1                 read_bunzip
            b295             b295       16     1         archival/libarchive/lib.a(decompress_bunzip2.o):(.text.dealloc_bunzip)
            b295             b295       16     1                 dealloc_bunzip
            b2ab             b2ab       87     1         archival/libarchive/lib.a(decompress_bunzip2.o):(.text.unpack_bz2_data)
            b2ab             b2ab       87     1                 unpack_bz2_data
            b332             b332       b3     1         archival/libarchive/lib.a(decompress_bunzip2.o):(.text.get_bits)
            b332             b332       b3     1                 get_bits
            b3e5             b3e5      1b4     1         coreutils/lib.a(test.o):(.text.test_main)
            b3e5             b3e5      1b4     1                 test_main
            b599             b599       8a     1         coreutils/lib.a(test.o):(.text.check_operator)
            b599             b599       8a     1                 check_operator
            b623             b623      265     1         coreutils/lib.a(test.o):(.text.binop)
            b623             b623      265     1                 binop
            b888             b888       63     1         coreutils/lib.a(test.o):(.text.oexpr)
            b888             b888       63     1                 oexpr
            b8eb             b8eb       48     1         coreutils/lib.a(test.o):(.text.syntax)
            b8eb             b8eb       48     1                 syntax
            b933             b933       66     1         coreutils/lib.a(test.o):(.text.getn)
            b933             b933       66     1                 getn
            b999             b999       69     1         coreutils/lib.a(test.o):(.text.aexpr)
            b999             b999       69     1                 aexpr
            ba02             ba02      344     1         coreutils/lib.a(test.o):(.text.nexpr)
            ba02             ba02      344     1                 nexpr
            bd46             bd46      442     1         editors/lib.a(awk.o):(.text.awk_main)
            bd46             bd46      442     1                 awk_main
            c188             c188       26     1         editors/lib.a(awk.o):(.text.hash_init)
            c188             c188       26     1                 hash_init
            c1ae             c1ae      146     1         editors/lib.a(awk.o):(.text.hash_find)
            c1ae             c1ae      146     1                 hash_find
            c2f4             c2f4       13     1         editors/lib.a(awk.o):(.text.nextword)
            c2f4             c2f4       13     1                 nextword
            c307             c307       26     1         editors/lib.a(awk.o):(.text.setvar_s)
            c307             c307       26     1                 setvar_s
            c32d             c32d       32     1         editors/lib.a(awk.o):(.text.setvar_i)
            c32d             c32d       32     1                 setvar_i
            c35f             c35f      1f6     1         editors/lib.a(awk.o):(.text.handle_special)
            c35f             c35f      1f6     1                 handle_special
            c555             c555       12     1         editors/lib.a(awk.o):(.text.setvar_u)
            c555             c555       12     1                 setvar_u
            c567             c567       2c     1         editors/lib.a(awk.o):(.text.iamarray)
            c567             c567       2c     1                 iamarray
            c593             c593       26     1         editors/lib.a(awk.o):(.text.unescape_string_in_place)
            c593             c593       26     1                 unescape_string_in_place
            c5b9             c5b9       6d     1         editors/lib.a(awk.o):(.text.try_to_assign)
            c5b9             c5b9       6d     1                 try_to_assign
            c626             c626      1a2     1         editors/lib.a(awk.o):(.text.parse_program)
            c626             c626      1a2     1                 parse_program
            c7c8             c7c8       32     1         editors/lib.a(awk.o):(.text.setari_u)
            c7c8             c7c8       32     1                 setari_u
            c7fa             c7fa     1028     1         editors/lib.a(awk.o):(.text.evaluate)
            c7fa             c7fa     1028     1                 evaluate
            d822             d822       79     1         editors/lib.a(awk.o):(.text.awk_exit)
            d822             d822       79     1                 awk_exit
            d89b             d89b      2ca     1         editors/lib.a(awk.o):(.text.awk_getline)
            d89b             d89b      2ca     1                 awk_getline
            db65             db65       1a     1         editors/lib.a(awk.o):(.text.incvar)
            db65             db65       1a     1                 incvar
            db7f             db7f       20     1         editors/lib.a(awk.o):(.text.syntax_error)
            db7f             db7f       20     1                 syntax_error
            db9f             db9f      111     1         editors/lib.a(awk.o):(.text.next_input_file)
            db9f             db9f      111     1                 next_input_file
            dcb0             dcb0       14     1         editors/lib.a(awk.o):(.text.hashidx)
            dcb0             dcb0       14     1                 hashidx
            dcc4             dcc4       42     1         editors/lib.a(awk.o):(.text.hash_search3)
            dcc4             dcc4       42     1                 hash_search3
            dd06             dd06       26     1         editors/lib.a(awk.o):(.text.setvar_p)
            dd06             dd06       26     1                 setvar_p
            dd2c             dd2c       2d     1         editors/lib.a(awk.o):(.text.clrvar)
            dd2c             dd2c       2d     1                 clrvar
            dd59             dd59       7a     1         editors/lib.a(awk.o):(.text.getvar_i)
            dd59             dd59       7a     1                 getvar_i
            ddd3             ddd3       9b     1         editors/lib.a(awk.o):(.text.fsrealloc)
            ddd3             ddd3       9b     1                 fsrealloc
            de6e             de6e       64     1         editors/lib.a(awk.o):(.text.getvar_s)
            de6e             de6e       64     1                 getvar_s
            ded2             ded2       20     1         editors/lib.a(awk.o):(.text.qrealloc)
            ded2             ded2       20     1                 qrealloc
            def2             def2       c9     1         editors/lib.a(awk.o):(.text.split_f0)
            def2             def2       c9     1                 split_f0
            dfbb             dfbb       52     1         editors/lib.a(awk.o):(.text.mk_splitter)
            dfbb             dfbb       52     1                 mk_splitter
            e00d             e00d       39     1         editors/lib.a(awk.o):(.text.istrue)
            e00d             e00d       39     1                 istrue
            e046             e046        b     1         editors/lib.a(awk.o):(.text.my_strtod)
            e046             e046        b     1                 my_strtod
            e051             e051       2e     1         editors/lib.a(awk.o):(.text.skip_spaces)
            e051             e051       2e     1                 skip_spaces
            e07f             e07f       ee     1         editors/lib.a(awk.o):(.text.fmt_num)
            e07f             e07f       ee     1                 fmt_num
            e16d             e16d      286     1         editors/lib.a(awk.o):(.text.awk_split)
            e16d             e16d      286     1                 awk_split
            e3f3             e3f3       3b     1         editors/lib.a(awk.o):(.text.mk_re_node)
            e3f3             e3f3       3b     1                 mk_re_node
            e42e             e42e       17     1         editors/lib.a(awk.o):(.text.is_numeric)
            e42e             e42e       17     1                 is_numeric
            e445             e445       4b     1         editors/lib.a(awk.o):(.text.nextchar)
            e445             e445       4b     1                 nextchar
            e490             e490      407     1         editors/lib.a(awk.o):(.text.next_token)
            e490             e490      407     1                 next_token
            e897             e897       2d     1         editors/lib.a(awk.o):(.text.chain_until_rbrace)
            e897             e897       2d     1                 chain_until_rbrace
            e8c4             e8c4       5e     1         editors/lib.a(awk.o):(.text.hash_clear)
            e8c4             e8c4       5e     1                 hash_clear
            e922             e922       74     1         editors/lib.a(awk.o):(.text.chain_node)
            e922             e922       74     1                 chain_node
            e996             e996      3e2     1         editors/lib.a(awk.o):(.text.parse_expr)
            e996             e996      3e2     1                 parse_expr
            ed78             ed78      291     1         editors/lib.a(awk.o):(.text.chain_group)
            ed78             ed78      291     1                 chain_group
            f009             f009       50     1         editors/lib.a(awk.o):(.text.chain_expr)
            f009             f009       50     1                 chain_expr
            f059             f059       12     1         editors/lib.a(awk.o):(.text.parse_lrparen_list)
            f059             f059       12     1                 parse_lrparen_list
            f06b             f06b       8e     1         editors/lib.a(awk.o):(.text.chain_loop)
            f06b             f06b       8e     1                 chain_loop
            f0f9             f0f9       1c     1         editors/lib.a(awk.o):(.text.new_node)
            f0f9             f0f9       1c     1                 new_node
            f115             f115       26     1         editors/lib.a(awk.o):(.text.hash_search)
            f115             f115       26     1                 hash_search
            f13b             f13b        c     1         editors/lib.a(awk.o):(.text.nvalloc)
            f13b             f13b        c     1                 nvalloc
            f147             f147       1b     1         editors/lib.a(awk.o):(.text.ptest)
            f147             f147       1b     1                 ptest
            f162             f162      323     1         editors/lib.a(awk.o):(.text.awk_printf)
            f162             f162      323     1                 awk_printf
            f485             f485       7b     1         editors/lib.a(awk.o):(.text.hash_remove)
            f485             f485       7b     1                 hash_remove
            f500             f500       51     1         editors/lib.a(awk.o):(.text.copyvar)
            f500             f500       51     1                 copyvar
            f551             f551       86     1         editors/lib.a(awk.o):(.text.as_regex)
            f551             f551       86     1                 as_regex
            f5d7             f5d7       90     1         editors/lib.a(awk.o):(.text.nvfree)
            f5d7             f5d7       90     1                 nvfree
            f667             f667       1e     1         editors/lib.a(awk.o):(.text.setvar_ERRNO)
            f667             f667       1e     1                 setvar_ERRNO
            f685             f685      55a     1         editors/lib.a(awk.o):(.text.exec_builtin)
            f685             f685      55a     1                 exec_builtin
            fbdf             fbdf       31     1         editors/lib.a(awk.o):(.text.setvar_sn)
            fbdf             fbdf       31     1                 setvar_sn
            fc10             fc10       65     1         editors/lib.a(awk.o):(.text.getvar_i_int)
            fc10             fc10       65     1                 getvar_i_int
            fc75             fc75       8b     1         editors/lib.a(awk.o):(.text.do_mktime)
            fc75             fc75       8b     1                 do_mktime
            fd00             fd00       cb     1         editors/lib.a(awk.o):(.text.do_match)
            fd00             fd00       cb     1                 do_match
            fdcb             fdcb      29c     1         editors/lib.a(awk.o):(.text.awk_sub)
            fdcb             fdcb      29c     1                 awk_sub
           10067            10067       f0     1         coreutils/lib.a(basename.o):(.text.basename_main)
           10067            10067       f0     1                 basename_main
           10157            10157       ae     1         coreutils/lib.a(cat.o):(.text.cat_main)
           10157            10157       ae     1                 cat_main
           10205            10205       bf     1         coreutils/lib.a(chmod.o):(.text.chmod_main)
           10205            10205       bf     1                 chmod_main
           102c4            102c4       89     1         coreutils/lib.a(chmod.o):(.text.fileAction)
           102c4            102c4       89     1                 fileAction
           1034d            1034d       ab     1         coreutils/lib.a(chown.o):(.text.chown_main)
           1034d            1034d       ab     1                 chown_main
           103f8            103f8       3a     1         coreutils/lib.a(chown.o):(.text.fileAction)
           103f8            103f8       3a     1                 fileAction
           10432            10432       1a     1         console-tools/lib.a(clear.o):(.text.clear_main)
           10432            10432       1a     1                 clear_main
           1044c            1044c      18e     1         coreutils/lib.a(cp.o):(.text.cp_main)
           1044c            1044c      18e     1                 cp_main
           105da            105da       56     1         coreutils/libcoreutils/lib.a(cp_mv_stat.o):(.text.cp_mv_stat2)
           105da            105da       56     1                 cp_mv_stat2
           10630            10630        c     1         coreutils/libcoreutils/lib.a(cp_mv_stat.o):(.text.cp_mv_stat)
           10630            10630        c     1                 cp_mv_stat
           1063c            1063c      483     1         coreutils/lib.a(cut.o):(.text.cut_main)
           1063c            1063c      483     1                 cut_main
           10abf            10abf        5     1         coreutils/lib.a(cut.o):(.text.cmpfunc)
           10abf            10abf        5     1                 cmpfunc
           10ac4            10ac4      3a4     1         coreutils/lib.a(date.o):(.text.date_main)
           10ac4            10ac4      3a4     1                 date_main
           10e68            10e68      366     1         coreutils/lib.a(dd.o):(.text.dd_main)
           10e68            10e68      366     1                 dd_main
           111ce            111ce        d     1         coreutils/lib.a(dd.o):(.text.dd_read)
           111ce            111ce        d     1                 dd_read
           111db            111db      433     1         coreutils/lib.a(df.o):(.text.df_main)
           111db            111db      433     1                 df_main
           1160e            1160e       1f     1         coreutils/lib.a(dirname.o):(.text.dirname_main)
           1160e            1160e       1f     1                 dirname_main
           1162d            1162d      113     1         coreutils/lib.a(du.o):(.text.du_main)
           1162d            1162d      113     1                 du_main
           11740            11740      1e2     1         coreutils/lib.a(du.o):(.text.du)
           11740            11740      1e2     1                 du
           11922            11922       3c     1         coreutils/lib.a(du.o):(.text.print)
           11922            11922       3c     1                 print
           1195e            1195e      168     1         coreutils/lib.a(echo.o):(.text.echo_main)
           1195e            1195e      168     1                 echo_main
           11ac6            11ac6       f4     1         coreutils/lib.a(env.o):(.text.env_main)
           11ac6            11ac6       f4     1                 env_main
           11bba            11bba        4     1         coreutils/lib.a(false.o):(.text.false_main)
           11bba            11bba        4     1                 false_main
           11bbe            11bbe      4de     1         findutils/lib.a(find.o):(.text.find_main)
           11bbe            11bbe      4de     1                 find_main
           1209c            1209c      146     1         findutils/lib.a(find.o):(.text.fileAction)
           1209c            1209c      146     1                 fileAction
           121e2            121e2       64     1         findutils/lib.a(find.o):(.text.alloc_action)
           121e2            121e2       64     1                 alloc_action
           12246            12246        b     1         findutils/lib.a(find.o):(.text.func_print)
           12246            12246        b     1                 func_print
           12251            12251       19     1         findutils/lib.a(find.o):(.text.func_print0)
           12251            12251       19     1                 func_print0
           1226a            1226a        b     1         findutils/lib.a(find.o):(.text.func_exec)
           1226a            1226a        b     1                 func_exec
           12275            12275       9c     1         findutils/lib.a(find.o):(.text.func_name)
           12275            12275       9c     1                 func_name
           12311            12311       11     1         findutils/lib.a(find.o):(.text.func_type)
           12311            12311       11     1                 func_type
           12322            12322       61     1         findutils/lib.a(find.o):(.text.func_mtime)
           12322            12322       61     1                 func_mtime
           12383            12383       ae     1         findutils/lib.a(find.o):(.text.do_exec)
           12383            12383       ae     1                 do_exec
           12431            12431      32e     1         findutils/lib.a(grep.o):(.text.grep_main)
           12431            12431      32e     1                 grep_main
           1275f            1275f       4a     1         findutils/lib.a(grep.o):(.text.load_pattern_list)
           1275f            1275f       4a     1                 load_pattern_list
           127a9            127a9       11     1         findutils/lib.a(grep.o):(.text.add_grep_list_data)
           127a9            127a9       11     1                 add_grep_list_data
           127ba            127ba      53d     1         findutils/lib.a(grep.o):(.text.grep_file)
           127ba            127ba      53d     1                 grep_file
           12cf7            12cf7       bc     1         findutils/lib.a(grep.o):(.text.file_action_grep)
           12cf7            12cf7       bc     1                 file_action_grep
           12db3            12db3       b9     1         findutils/lib.a(grep.o):(.text.print_line)
           12db3            12db3       b9     1                 print_line
           12e6c            12e6c      346     1         coreutils/lib.a(head.o):(.text.head_main)
           12e6c            12e6c      346     1                 head_main
           131b2            131b2      2d0     1         coreutils/lib.a(install.o):(.text.install_main)
           131b2            131b2      2d0     1                 install_main
           13482            13482      246     1         coreutils/lib.a(ln.o):(.text.ln_main)
           13482            13482      246     1                 ln_main
           136c8            136c8      1d5     1         coreutils/lib.a(ls.o):(.text.ls_main)
           136c8            136c8      1d5     1                 ls_main
           1389d            1389d      122     1         coreutils/lib.a(ls.o):(.text.my_stat)
           1389d            1389d      122     1                 my_stat
           139bf            139bf       12     1         coreutils/lib.a(ls.o):(.text.dnalloc)
           139bf            139bf       12     1                 dnalloc
           139d1            139d1      1a8     1         coreutils/lib.a(ls.o):(.text.sort_and_display_files)
           139d1            139d1      1a8     1                 sort_and_display_files
           13b79            13b79       7a     1         coreutils/lib.a(ls.o):(.text.splitdnarray)
           13b79            13b79       7a     1                 splitdnarray
           13bf3            13bf3       5b     1         coreutils/lib.a(ls.o):(.text.count_dirs)
           13bf3            13bf3       5b     1                 count_dirs
           13c4e            13c4e       12     1         coreutils/lib.a(ls.o):(.text.dnsort)
           13c4e            13c4e       12     1                 dnsort
           13c60            13c60      1db     1         coreutils/lib.a(ls.o):(.text.scan_and_display_dirs_recur)
           13c60            13c60      1db     1                 scan_and_display_dirs_recur
           13e3b            13e3b      317     1         coreutils/lib.a(ls.o):(.text.display_single)
           13e3b            13e3b      317     1                 display_single
           14152            14152       4f     1         coreutils/lib.a(ls.o):(.text.append_char)
           14152            14152       4f     1                 append_char
           141a1            141a1       81     1         coreutils/lib.a(ls.o):(.text.print_name)
           141a1            141a1       81     1                 print_name
           14222            14222       a8     1         coreutils/lib.a(ls.o):(.text.sortcmp)
           14222            14222       a8     1                 sortcmp
           142ca            142ca       c1     1         coreutils/lib.a(mkdir.o):(.text.mkdir_main)
           142ca            142ca       c1     1                 mkdir_main
           1438b            1438b      2af     1         coreutils/lib.a(mv.o):(.text.mv_main)
           1438b            1438b      2af     1                 mv_main
           1463a            1463a      52c     1         coreutils/lib.a(printf.o):(.text.printf_main)
           1463a            1463a      52c     1                 printf_main
           14b66            14b66       3e     1         coreutils/lib.a(printf.o):(.text.get_width_prec)
           14b66            14b66       3e     1                 get_width_prec
           14ba4            14ba4       6a     1         coreutils/lib.a(printf.o):(.text.multiconvert)
           14ba4            14ba4       6a     1                 multiconvert
           14c0e            14c0e       1d     1         coreutils/lib.a(printf.o):(.text.conv_strtoll)
           14c0e            14c0e       1d     1                 conv_strtoll
           14c2b            14c2b       46     1         coreutils/lib.a(printf.o):(.text.conv_strtoull)
           14c2b            14c2b       46     1                 conv_strtoull
           14c71            14c71       37     1         coreutils/lib.a(printf.o):(.text.conv_strtod)
           14c71            14c71       37     1                 conv_strtod
           14ca8            14ca8       2b     1         coreutils/lib.a(pwd.o):(.text.pwd_main)
           14ca8            14ca8       2b     1                 pwd_main
           14cd3            14cd3       83     1         coreutils/lib.a(readlink.o):(.text.readlink_main)
           14cd3            14cd3       83     1                 readlink_main
           14d56            14d56       60     1         coreutils/lib.a(realpath.o):(.text.realpath_main)
           14d56            14d56       60     1                 realpath_main
           14db6            14db6       bd     1         coreutils/lib.a(rm.o):(.text.rm_main)
           14db6            14db6       bd     1                 rm_main
           14e73            14e73       bd     1         coreutils/lib.a(rmdir.o):(.text.rmdir_main)
           14e73            14e73       bd     1                 rmdir_main
           14f30            14f30      308     1         editors/lib.a(sed.o):(.text.sed_main)
           14f30            14f30      308     1                 sed_main
           15238            15238       15     1         editors/lib.a(sed.o):(.text.cleanup_outname)
           15238            15238       15     1                 cleanup_outname
           1524d            1524d       54     1         editors/lib.a(sed.o):(.text.add_cmd_block)
           1524d            1524d       54     1                 add_cmd_block
           152a1            152a1      5b1     1         editors/lib.a(sed.o):(.text.add_cmd)
           152a1            152a1      5b1     1                 add_cmd
           15852            15852      a7f     1         editors/lib.a(sed.o):(.text.process_files)
           15852            15852      a7f     1                 process_files
           162d1            162d1      102     1         editors/lib.a(sed.o):(.text.get_address)
           162d1            162d1      102     1                 get_address
           163d3            163d3       99     1         editors/lib.a(sed.o):(.text.index_of_next_unescaped_regexp_delim)
           163d3            163d3       99     1                 index_of_next_unescaped_regexp_delim
           1646c            1646c       77     1         editors/lib.a(sed.o):(.text.copy_parsing_escapes)
           1646c            1646c       77     1                 copy_parsing_escapes
           164e3            164e3       8a     1         editors/lib.a(sed.o):(.text.parse_escapes)
           164e3            164e3       8a     1                 parse_escapes
           1656d            1656d       6c     1         editors/lib.a(sed.o):(.text.parse_file_cmd)
           1656d            1656d       6c     1                 parse_file_cmd
           165d9            165d9       62     1         editors/lib.a(sed.o):(.text.sed_xfopen_w)
           165d9            165d9       62     1                 sed_xfopen_w
           1663b            1663b       8b     1         editors/lib.a(sed.o):(.text.parse_regex_delim)
           1663b            1663b       8b     1                 parse_regex_delim
           166c6            166c6      101     1         editors/lib.a(sed.o):(.text.get_next_line)
           166c6            166c6      101     1                 get_next_line
           167c7            167c7       94     1         editors/lib.a(sed.o):(.text.puts_maybe_newline)
           167c7            167c7       94     1                 puts_maybe_newline
           1685b            1685b       14     1         editors/lib.a(sed.o):(.text.append)
           1685b            1685b       14     1                 append
           1686f            1686f       57     1         editors/lib.a(sed.o):(.text.flush_append)
           1686f            1686f       57     1                 flush_append
           168c6            168c6       61     1         editors/lib.a(sed.o):(.text.pipe_putc)
           168c6            168c6       61     1                 pipe_putc
           16927            16927       66     1         coreutils/lib.a(sleep.o):(.text.sleep_main)
           16927            16927       66     1                 sleep_main
           1698d            1698d      428     1         coreutils/lib.a(sort.o):(.text.sort_main)
           1698d            1698d      428     1                 sort_main
           16db5            16db5       20     1         coreutils/lib.a(sort.o):(.text.add_key)
           16db5            16db5       20     1                 add_key
           16dd5            16dd5       32     1         coreutils/lib.a(sort.o):(.text.str2u)
           16dd5            16dd5       32     1                 str2u
           16e07            16e07      346     1         coreutils/lib.a(sort.o):(.text.compare_keys)
           16e07            16e07      346     1                 compare_keys
           1714d            1714d      277     1         coreutils/lib.a(sort.o):(.text.get_key)
           1714d            1714d      277     1                 get_key
           173c4            173c4       42     1         coreutils/lib.a(sort.o):(.text.scale_suffix)
           173c4            173c4       42     1                 scale_suffix
           17406            17406       73     1         coreutils/lib.a(stat.o):(.text.stat_main)
           17406            17406       73     1                 stat_main
           17479            17479       ad     1         coreutils/lib.a(stat.o):(.text.do_stat)
           17479            17479       ad     1                 do_stat
           17526            17526       7b     1         coreutils/lib.a(stat.o):(.text.do_statfs)
           17526            17526       7b     1                 do_statfs
           175a1            175a1       f4     1         coreutils/lib.a(stat.o):(.text.print_it)
           175a1            175a1       f4     1                 print_it
           17695            17695      38b     1         coreutils/lib.a(stat.o):(.text.print_stat)
           17695            17695      38b     1                 print_stat
           17a20            17a20       26     1         coreutils/lib.a(stat.o):(.text.printfs)
           17a20            17a20       26     1                 printfs
           17a46            17a46       25     1         coreutils/lib.a(stat.o):(.text.strcatc)
           17a46            17a46       25     1                 strcatc
           17a6b            17a6b       57     1         coreutils/lib.a(stat.o):(.text.human_time)
           17a6b            17a6b       57     1                 human_time
           17ac2            17ac2      192     1         coreutils/lib.a(stat.o):(.text.print_statfs)
           17ac2            17ac2      192     1                 print_statfs
           17c54            17c54      722     1         coreutils/lib.a(tail.o):(.text.tail_main)
           17c54            17c54      722     1                 tail_main
           18376            18376       2b     1         coreutils/lib.a(tail.o):(.text.eat_num)
           18376            18376       2b     1                 eat_num
           183a1            183a1       1c     1         coreutils/lib.a(tail.o):(.text.tail_xprint_header)
           183a1            183a1       1c     1                 tail_xprint_header
           183bd            183bd       2a     1         coreutils/lib.a(tail.o):(.text.tail_read)
           183bd            183bd       2a     1                 tail_read
           183e7            183e7      159     1         coreutils/lib.a(tee.o):(.text.tee_main)
           183e7            183e7      159     1                 tee_main
           18540            18540      1a2     1         coreutils/lib.a(touch.o):(.text.touch_main)
           18540            18540      1a2     1                 touch_main
           186e2            186e2      237     1         coreutils/lib.a(tr.o):(.text.tr_main)
           186e2            186e2      237     1                 tr_main
           18919            18919       dc     1         coreutils/lib.a(tr.o):(.text.expand)
           18919            18919       dc     1                 expand
           189f5            189f5        3     1         coreutils/lib.a(true.o):(.text.true_main)
           189f5            189f5        3     1                 true_main
           189f8            189f8       e9     1         coreutils/lib.a(uname.o):(.text.uname_main)
           189f8            189f8       e9     1                 uname_main
           18ae1            18ae1      269     1         coreutils/lib.a(wc.o):(.text.wc_main)
           18ae1            18ae1      269     1                 wc_main
           18d4a            18d4a       ee     1         debianutils/lib.a(which.o):(.text.which_main)
           18d4a            18d4a       ee     1                 which_main
           18e38            18e38      325     1         findutils/lib.a(xargs.o):(.text.xargs_main)
           18e38            18e38      325     1                 xargs_main
           1915d            1915d       c2     1         findutils/lib.a(xargs.o):(.text.process_stdin)
           1915d            1915d       c2     1                 process_stdin
           1921f            1921f       75     1         findutils/lib.a(xargs.o):(.text.process0_stdin)
           1921f            1921f       75     1                 process0_stdin
           19294            19294       49     1         findutils/lib.a(xargs.o):(.text.store_param)
           19294            19294       49     1                 store_param
           192dd            192dd       57     1         coreutils/lib.a(yes.o):(.text.yes_main)
           192dd            192dd       57     1                 yes_main
           19334            19334       49     1         libbb/lib.a(ask_confirmation.o):(.text.bb_ask_y_confirmation_FILE)
           19334            19334       49     1                 bb_ask_y_confirmation_FILE
           1937d            1937d        f     1         libbb/lib.a(ask_confirmation.o):(.text.bb_ask_y_confirmation)
           1937d            1937d        f     1                 bb_ask_y_confirmation
           1938c            1938c       68     1         libbb/lib.a(bb_cat.o):(.text.bb_cat)
           1938c            1938c       68     1                 bb_cat
           193f4            193f4       8b     1         libbb/lib.a(bb_getgroups.o):(.text.bb_getgroups)
           193f4            193f4       8b     1                 bb_getgroups
           1947f            1947f       21     1         libbb/lib.a(bb_pwd.o):(.text.xgetpwnam)
           1947f            1947f       21     1                 xgetpwnam
           194a0            194a0       21     1         libbb/lib.a(bb_pwd.o):(.text.xgetgrnam)
           194a0            194a0       21     1                 xgetgrnam
           194c1            194c1       14     1         libbb/lib.a(bb_pwd.o):(.text.uid2uname)
           194c1            194c1       14     1                 uid2uname
           194d5            194d5       14     1         libbb/lib.a(bb_pwd.o):(.text.gid2group)
           194d5            194d5       14     1                 gid2group
           194e9            194e9       17     1         libbb/lib.a(bb_pwd.o):(.text.uid2uname_utoa)
           194e9            194e9       17     1                 uid2uname_utoa
           19500            19500       17     1         libbb/lib.a(bb_pwd.o):(.text.gid2group_utoa)
           19500            19500       17     1                 gid2group_utoa
           19517            19517        b     1         libbb/lib.a(bb_pwd.o):(.text.xuname2uid)
           19517            19517        b     1                 xuname2uid
           19522            19522        b     1         libbb/lib.a(bb_pwd.o):(.text.xgroup2gid)
           19522            19522        b     1                 xgroup2gid
           1952d            1952d       37     1         libbb/lib.a(bb_pwd.o):(.text.get_ug_id)
           1952d            1952d       37     1                 get_ug_id
           19564            19564       55     1         libbb/lib.a(bb_strtonum.o):(.text.bb_strtoull)
           19564            19564       55     1                 bb_strtoull
           195b9            195b9       4d     1         libbb/lib.a(bb_strtonum.o):(.text.handle_errors)
           195b9            195b9       4d     1                 handle_errors
           19606            19606       5c     1         libbb/lib.a(bb_strtonum.o):(.text.bb_strtoll)
           19606            19606       5c     1                 bb_strtoll
           19662            19662       5e     1         libbb/lib.a(bb_strtonum.o):(.text.bb_strtou)
           19662            19662       5e     1                 bb_strtou
           196c0            196c0       75     1         libbb/lib.a(bb_strtonum.o):(.text.bb_strtoi)
           196c0            196c0       75     1                 bb_strtoi
           19735            19735       18     1         libbb/lib.a(compare_string_array.o):(.text.is_prefixed_with)
           19735            19735       18     1                 is_prefixed_with
           1974d            1974d       32     1         libbb/lib.a(compare_string_array.o):(.text.index_in_strings)
           1974d            1974d       32     1                 index_in_strings
           1977f            1977f       81     1         libbb/lib.a(compare_string_array.o):(.text.index_in_substrings)
           1977f            1977f       81     1                 index_in_substrings
           19800            19800       20     1         libbb/lib.a(compare_string_array.o):(.text.nth_string)
           19800            19800       20     1                 nth_string
           19820            19820       5c     1         libbb/lib.a(concat_path_file.o):(.text.concat_path_file)
           19820            19820       5c     1                 concat_path_file
           1987c            1987c       30     1         libbb/lib.a(concat_subpath_file.o):(.text.concat_subpath_file)
           1987c            1987c       30     1                 concat_subpath_file
           198ac            198ac       11     1         libbb/lib.a(const_hack.o):(.text.XZALLOC_CONST_PTR)
           198ac            198ac       11     1                 XZALLOC_CONST_PTR
           198bd            198bd      6bd     1         libbb/lib.a(copy_file.o):(.text.copy_file)
           198bd            198bd      6bd     1                 copy_file
           19f7a            19f7a       81     1         libbb/lib.a(copy_file.o):(.text.ask_and_unlink)
           19f7a            19f7a       81     1                 ask_and_unlink
           19ffb            19ffb        c     1         libbb/lib.a(copyfd.o):(.text.bb_copyfd_size)
           19ffb            19ffb        c     1                 bb_copyfd_size
           1a007            1a007       da     1         libbb/lib.a(copyfd.o):(.text.bb_full_fd_action)
           1a007            1a007       da     1                 bb_full_fd_action
           1a0e1            1a0e1        7     1         libbb/lib.a(copyfd.o):(.text.bb_copyfd_eof)
           1a0e1            1a0e1        7     1                 bb_copyfd_eof
           1a0e8            1a0e8       7c     1         libbb/lib.a(crc32.o):(.text.crc32_filltable)
           1a0e8            1a0e8       7c     1                 crc32_filltable
           1a164            1a164       11     1         libbb/lib.a(duration.o):(.text.parse_duration_str)
           1a164            1a164       11     1                 parse_duration_str
           1a175            1a175       38     1         libbb/lib.a(endofname.o):(.text.endofname)
           1a175            1a175       38     1                 endofname
           1a1ad            1a1ad       4c     1         libbb/lib.a(executable.o):(.text.file_is_executable)
           1a1ad            1a1ad       4c     1                 file_is_executable
           1a1f9            1a1f9       9a     1         libbb/lib.a(executable.o):(.text.find_executable)
           1a1f9            1a1f9       9a     1                 find_executable
           1a293            1a293       34     1         libbb/lib.a(executable.o):(.text.BB_EXECVP)
           1a293            1a293       34     1                 BB_EXECVP
           1a2c7            1a2c7       35     1         libbb/lib.a(executable.o):(.text.BB_EXECVP_or_die)
           1a2c7            1a2c7       35     1                 BB_EXECVP_or_die
           1a2fc            1a2fc       3f     1         libbb/lib.a(fclose_nonstdin.o):(.text.fclose_if_not_stdin)
           1a2fc            1a2fc       3f     1                 fclose_if_not_stdin
           1a33b            1a33b       2d     1         libbb/lib.a(fflush_stdout_and_exit.o):(.text.fflush_stdout_and_exit)
           1a33b            1a33b       2d     1                 fflush_stdout_and_exit
           1a368            1a368        8     1         libbb/lib.a(fflush_stdout_and_exit.o):(.text.fflush_stdout_and_exit_SUCCESS)
           1a368            1a368        8     1                 fflush_stdout_and_exit_SUCCESS
           1a370            1a370      10e     1         libbb/lib.a(find_mount_point.o):(.text.find_mount_point)
           1a370            1a370      10e     1                 find_mount_point
           1a47e            1a47e       48     1         libbb/lib.a(full_write.o):(.text.full_write)
           1a47e            1a47e       48     1                 full_write
           1a4c6            1a4c6       1c     1         libbb/lib.a(get_last_path_component.o):(.text.bb_basename)
           1a4c6            1a4c6       1c     1                 bb_basename
           1a4e2            1a4e2       27     1         libbb/lib.a(get_last_path_component.o):(.text.bb_get_last_path_component_nostrip)
           1a4e2            1a4e2       27     1                 bb_get_last_path_component_nostrip
           1a509            1a509       2c     1         libbb/lib.a(get_last_path_component.o):(.text.bb_get_last_path_component_strip)
           1a509            1a509       2c     1                 bb_get_last_path_component_strip
           1a535            1a535       b2     1         libbb/lib.a(get_line_from_file.o):(.text.bb_get_chunk_from_file)
           1a535            1a535       b2     1                 bb_get_chunk_from_file
           1a5e7            1a5e7        b     1         libbb/lib.a(get_line_from_file.o):(.text.xmalloc_fgets)
           1a5e7            1a5e7        b     1                 xmalloc_fgets
           1a5f2            1a5f2       2c     1         libbb/lib.a(get_line_from_file.o):(.text.xmalloc_fgetline)
           1a5f2            1a5f2       2c     1                 xmalloc_fgetline
           1a61e            1a61e       84     1         libbb/lib.a(getopt32.o):(.text.getopt32)
           1a61e            1a61e       84     1                 getopt32
           1a6a2            1a6a2      48d     1         libbb/lib.a(getopt32.o):(.text.vgetopt32)
           1a6a2            1a6a2      48d     1                 vgetopt32
           1ab2f            1ab2f       c7     1         libbb/lib.a(human_readable.o):(.text.make_human_readable_str)
           1ab2f            1ab2f       c7     1                 make_human_readable_str
           1abf6            1abf6      1aa     1         libbb/lib.a(human_readable.o):(.text.smart_ulltoa5)
           1abf6            1abf6      1aa     1                 smart_ulltoa5
           1ada0            1ada0       3e     1         libbb/lib.a(auto_string.o):(.text.auto_string)
           1ada0            1ada0       3e     1                 auto_string
           1adde            1adde       6b     1         libbb/lib.a(inode_hash.o):(.text.is_in_ino_dev_hashtable)
           1adde            1adde       6b     1                 is_in_ino_dev_hashtable
           1ae49            1ae49       96     1         libbb/lib.a(inode_hash.o):(.text.add_to_ino_dev_hashtable)
           1ae49            1ae49       96     1                 add_to_ino_dev_hashtable
           1aedf            1aedf       42     1         libbb/lib.a(isdirectory.o):(.text.is_directory)
           1aedf            1aedf       42     1                 is_directory
           1af21            1af21       1f     1         libbb/lib.a(last_char_is.o):(.text.last_char_is)
           1af21            1af21       1f     1                 last_char_is
           1af40            1af40       27     1         libbb/lib.a(llist.o):(.text.llist_add_to)
           1af40            1af40       27     1                 llist_add_to
           1af67            1af67       29     1         libbb/lib.a(llist.o):(.text.llist_add_to_end)
           1af67            1af67       29     1                 llist_add_to_end
           1af90            1af90       24     1         libbb/lib.a(llist.o):(.text.llist_pop)
           1af90            1af90       24     1                 llist_pop
           1afb4            1afb4       32     1         libbb/lib.a(llist.o):(.text.llist_free)
           1afb4            1afb4       32     1                 llist_free
           1afe6            1afe6      1f6     1         libbb/lib.a(make_directory.o):(.text.bb_make_directory)
           1afe6            1afe6      1f6     1                 bb_make_directory
           1b1dc            1b1dc       85     1         libbb/lib.a(mode_string.o):(.text.bb_mode_string)
           1b1dc            1b1dc       85     1                 bb_mode_string
           1b261            1b261      1f8     1         libbb/lib.a(parse_mode.o):(.text.bb_parse_mode)
           1b261            1b261      1f8     1                 bb_parse_mode
           1b459            1b459       ac     1         libbb/lib.a(perror_msg.o):(.text.bb_perror_msg)
           1b459            1b459       ac     1                 bb_perror_msg
           1b505            1b505       a8     1         libbb/lib.a(perror_msg.o):(.text.bb_perror_msg_and_die)
           1b505            1b505       a8     1                 bb_perror_msg_and_die
           1b5ad            1b5ad       11     1         libbb/lib.a(perror_msg.o):(.text.bb_simple_perror_msg)
           1b5ad            1b5ad       11     1                 bb_simple_perror_msg
           1b5be            1b5be       12     1         libbb/lib.a(perror_msg.o):(.text.bb_simple_perror_msg_and_die)
           1b5be            1b5be       12     1                 bb_simple_perror_msg_and_die
           1b5d0            1b5d0        d     1         libbb/lib.a(perror_nomsg_and_die.o):(.text.bb_perror_nomsg_and_die)
           1b5d0            1b5d0        d     1                 bb_perror_nomsg_and_die
           1b5dd            1b5dd       9a     1         libbb/lib.a(print_numbered_lines.o):(.text.print_numbered_lines)
           1b5dd            1b5dd       9a     1                 print_numbered_lines
           1b677            1b677       34     1         libbb/lib.a(printable_string.o):(.text.printable_string2)
           1b677            1b677       34     1                 printable_string2
           1b6ab            1b6ab        a     1         libbb/lib.a(printable_string.o):(.text.printable_string)
           1b6ab            1b6ab        a     1                 printable_string
           1b6b5            1b6b5       e0     1         libbb/lib.a(process_escape_sequence.o):(.text.bb_process_escape_sequence)
           1b6b5            1b6b5       e0     1                 bb_process_escape_sequence
           1b795            1b795       10     1         libbb/lib.a(procps.o):(.text.get_cached_username)
           1b795            1b795       10     1                 get_cached_username
           1b7a5            1b7a5       bd     1         libbb/lib.a(procps.o):(.text.get_cached)
           1b7a5            1b7a5       bd     1                 get_cached
           1b862            1b862       11     1         libbb/lib.a(procps.o):(.text.get_cached_groupname)
           1b862            1b862       11     1                 get_cached_groupname
           1b873            1b873       27     1         libbb/lib.a(procps.o):(.text.free_procps_scan)
           1b873            1b873       27     1                 free_procps_scan
           1b89a            1b89a      2da     1         libbb/lib.a(procps.o):(.text.procps_scan)
           1b89a            1b89a      2da     1                 procps_scan
           1bb74            1bb74       4a     1         libbb/lib.a(procps.o):(.text.read_to_buf)
           1bb74            1bb74       4a     1                 read_to_buf
           1bbbe            1bbbe      16b     1         libbb/lib.a(procps.o):(.text.read_cmdline)
           1bbbe            1bbbe      16b     1                 read_cmdline
           1bd29            1bd29       3f     1         libbb/lib.a(read.o):(.text.safe_read)
           1bd29            1bd29       3f     1                 safe_read
           1bd68            1bd68       4a     1         libbb/lib.a(read.o):(.text.full_read)
           1bd68            1bd68       4a     1                 full_read
           1bdb2            1bdb2       20     1         libbb/lib.a(read.o):(.text.read_close)
           1bdb2            1bdb2       20     1                 read_close
           1bdd2            1bdd2       35     1         libbb/lib.a(read.o):(.text.open_read_close)
           1bdd2            1bdd2       35     1                 open_read_close
           1be07            1be07       63     1         libbb/lib.a(read_printf.o):(.text.nonblock_immune_read)
           1be07            1be07       63     1                 nonblock_immune_read
           1be6a            1be6a       df     1         libbb/lib.a(read_printf.o):(.text.xmalloc_read_with_initial_buf)
           1be6a            1be6a       df     1                 xmalloc_read_with_initial_buf
           1bf49            1bf49        9     1         libbb/lib.a(read_printf.o):(.text.xmalloc_read)
           1bf49            1bf49        9     1                 xmalloc_read
           1bf52            1bf52       40     1         libbb/lib.a(recursive_action.o):(.text.recursive_action)
           1bf52            1bf52       40     1                 recursive_action
           1bf92            1bf92        4     1         libbb/lib.a(recursive_action.o):(.text.true_action)
           1bf92            1bf92        4     1                 true_action
           1bf96            1bf96      162     1         libbb/lib.a(recursive_action.o):(.text.recursive_action1)
           1bf96            1bf96      162     1                 recursive_action1
           1c0f8            1c0f8      279     1         libbb/lib.a(remove_file.o):(.text.remove_file)
           1c0f8            1c0f8      279     1                 remove_file
           1c371            1c371       59     1         libbb/lib.a(replace.o):(.text.count_strstr)
           1c371            1c371       59     1                 count_strstr
           1c3ca            1c3ca       ba     1         libbb/lib.a(replace.o):(.text.xmalloc_substitute_string)
           1c3ca            1c3ca       ba     1                 xmalloc_substitute_string
           1c484            1c484       58     1         libbb/lib.a(safe_poll.o):(.text.safe_poll)
           1c484            1c484       58     1                 safe_poll
           1c4dc            1c4dc       16     1         libbb/lib.a(safe_strncpy.o):(.text.safe_strncpy)
           1c4dc            1c4dc       16     1                 safe_strncpy
           1c4f2            1c4f2       17     1         libbb/lib.a(safe_strncpy.o):(.text.overlapping_strcpy)
           1c4f2            1c4f2       17     1                 overlapping_strcpy
           1c509            1c509       3f     1         libbb/lib.a(safe_write.o):(.text.safe_write)
           1c509            1c509       3f     1                 safe_write
           1c548            1c548        7     1         libbb/lib.a(signals.o):(.text.sigaction_set)
           1c548            1c548        7     1                 sigaction_set
           1c54f            1c54f       25     1         libbb/lib.a(signals.o):(.text.sigprocmask_allsigs)
           1c54f            1c54f       25     1                 sigprocmask_allsigs
           1c574            1c574        8     1         libbb/lib.a(signals.o):(.text.sigprocmask2)
           1c574            1c574        8     1                 sigprocmask2
           1c57c            1c57c       25     1         libbb/lib.a(single_argv.o):(.text.skip_dash_dash)
           1c57c            1c57c       25     1                 skip_dash_dash
           1c5a1            1c5a1       1f     1         libbb/lib.a(single_argv.o):(.text.single_argv)
           1c5a1            1c5a1       1f     1                 single_argv
           1c5c0            1c5c0       22     1         libbb/lib.a(skip_whitespace.o):(.text.skip_whitespace)
           1c5c0            1c5c0       22     1                 skip_whitespace
           1c5e2            1c5e2       16     1         libbb/lib.a(sysconf.o):(.text.bb_arg_max)
           1c5e2            1c5e2       16     1                 bb_arg_max
           1c5f8            1c5f8        8     1         libbb/lib.a(sysconf.o):(.text.bb_clk_tck)
           1c5f8            1c5f8        8     1                 bb_clk_tck
           1c600            1c600      484     1         libbb/lib.a(time.o):(.text.parse_datestr)
           1c600            1c600      484     1                 parse_datestr
           1ca84            1ca84       25     1         libbb/lib.a(time.o):(.text.validate_tm_time)
           1ca84            1ca84       25     1                 validate_tm_time
           1caa9            1caa9        c     1         libbb/lib.a(time.o):(.text.strftime_HHMMSS)
           1caa9            1caa9        c     1                 strftime_HHMMSS
           1cab5            1cab5       55     1         libbb/lib.a(time.o):(.text.strftime_fmt)
           1cab5            1cab5       55     1                 strftime_fmt
           1cb0a            1cb0a       2e     1         libbb/lib.a(time.o):(.text.monotonic_ms)
           1cb0a            1cb0a       2e     1                 monotonic_ms
           1cb38            1cb38        5     1         libbb/lib.a(unicode.o):(.text.bb_wcrtomb)
           1cb38            1cb38        5     1                 bb_wcrtomb
           1cb3d            1cb3d       5c     1         libbb/lib.a(unicode.o):(.text.wcrtomb_internal)
           1cb3d            1cb3d       5c     1                 wcrtomb_internal
           1cb99            1cb99       9f     1         libbb/lib.a(unicode.o):(.text.bb_wcstombs)
           1cb99            1cb99       9f     1                 bb_wcstombs
           1cc38            1cc38       62     1         libbb/lib.a(unicode.o):(.text.bb_mbstowcs)
           1cc38            1cc38       62     1                 bb_mbstowcs
           1cc9a            1cc9a       7f     1         libbb/lib.a(unicode.o):(.text.mbstowc_internal)
           1cc9a            1cc9a       7f     1                 mbstowc_internal
           1cd19            1cd19      1b7     1         libbb/lib.a(unicode.o):(.text.bb_wcwidth)
           1cd19            1cd19      1b7     1                 bb_wcwidth
           1ced0            1ced0       49     1         libbb/lib.a(unicode.o):(.text.in_interval_table)
           1ced0            1ced0       49     1                 in_interval_table
[...]
           2c410            2c410       68     1                 ctrl_left
           2c478            2c478        8     1         libbb/lib.a(lineedit.o):(.text.beep)
           2c478            2c478        8     1                 beep
           2c480            2c480       31     1         libbb/lib.a(lineedit.o):(.text.load_string)
           2c480            2c480       31     1                 load_string
           2c4b1            2c4b1       a2     1         libbb/lib.a(lineedit.o):(.text.put_cur_glyph_and_inc_cursor)
           2c4b1            2c4b1       a2     1                 put_cur_glyph_and_inc_cursor
           2c553            2c553       2c     1         libbb/lib.a(lineedit.o):(.text.save_string)
           2c553            2c553       2c     1                 save_string
           2c57f            2c57f       39     1         libbb/lib.a(lineedit.o):(.text.free_tab_completion_data)
           2c57f            2c57f       39     1                 free_tab_completion_data
           2c5b8            2c5b8       4e     1         libbb/lib.a(lineedit.o):(.text.get_homedir_or_NULL)
           2c5b8            2c5b8       4e     1                 get_homedir_or_NULL
           2c606            2c606       3b     1         libbb/lib.a(lineedit.o):(.text.put_prompt_custom)
           2c606            2c606       3b     1                 put_prompt_custom
           2c641            2c641       48     1         libbb/lib.a(lineedit.o):(.text.get_user_strings)
           2c641            2c641       48     1                 get_user_strings
           2c689            2c689      25a     1         libbb/lib.a(lineedit.o):(.text.build_match_prefix)
           2c689            2c689      25a     1                 build_match_prefix
           2c8e3            2c8e3      3c5     1         libbb/lib.a(lineedit.o):(.text.complete_cmd_dir_file)
           2c8e3            2c8e3      3c5     1                 complete_cmd_dir_file
           2cca8            2cca8        e     1         libbb/lib.a(lineedit.o):(.text.is_special_char)
           2cca8            2cca8        e     1                 is_special_char
           2ccb6            2ccb6       53     1         libbb/lib.a(lineedit.o):(.text.quote_special_chars)
           2ccb6            2ccb6       53     1                 quote_special_chars
           2cd09            2cd09       1e     1         libbb/lib.a(lineedit.o):(.text.remove_chunk)
           2cd09            2cd09       1e     1                 remove_chunk
           2cd27            2cd27       63     1         libbb/lib.a(lineedit.o):(.text.add_match)
           2cd27            2cd27       63     1                 add_match
           2cd8a            2cd8a       5d     1         libbb/lib.a(lineedit.o):(.text.save_command_ps_at_cur_history)
           2cd8a            2cd8a       5d     1                 save_command_ps_at_cur_history
           2cde7            2cde7       25     1         libbb/lib.a(lineedit.o):(.text.BB_ispunct)
           2cde7            2cde7       25     1                 BB_ispunct
           2ce0c            2ce0c      245     1         libbb/lib.a(read_key.o):(.text.read_key)
           2ce0c            2ce0c      245     1                 read_key
           2d051            2d051       31     1         libbb/lib.a(read_key.o):(.text.read_key_ungets)
           2d051            2d051       31     1                 read_key_ungets
           2d082            2d082       34     1         libbb/lib.a(safe_gethostname.o):(.text.safe_gethostname)
           2d082            2d082       34     1                 safe_gethostname
           2d0b6            2d0b6        b     1         libbb/lib.a(bb_qsort.o):(.text.bb_pstrcmp)
           2d0b6            2d0b6        b     1                 bb_pstrcmp
           2d0c1            2d0c1       11     1         libbb/lib.a(bb_qsort.o):(.text.qsort_string_vector)
           2d0c1            2d0c1       11     1                 qsort_string_vector
           2d0d2            2d0d2        f     1         shell/lib.a(math.o):(.text.arith)
           2d0d2            2d0d2        f     1                 arith
           2d0e1            2d0e1      5e4     1         shell/lib.a(math.o):(.text.evaluate_string)
           2d0e1            2d0e1      5e4     1                 evaluate_string
           2d6c5            2d6c5      2f5     1         shell/lib.a(math.o):(.text.arith_apply)
           2d6c5            2d6c5      2f5     1                 arith_apply
           2d9ba            2d9ba       90     1         shell/lib.a(math.o):(.text.parse_with_base)
           2d9ba            2d9ba       90     1                 parse_with_base
           2da4a            2da4a       41     1         shell/lib.a(shell_common.o):(.text.varcmp)
           2da4a            2da4a       41     1                 varcmp
           2da8b            2da8b      5e8     1         shell/lib.a(shell_common.o):(.text.shell_builtin_read)
           2da8b            2da8b      5e8     1                 shell_builtin_read
           2e073            2e073      2e9     1         shell/lib.a(shell_common.o):(.text.shell_builtin_ulimit)
           2e073            2e073      2e9     1                 shell_builtin_ulimit
           2e35c            2e35c       33     1         shell/lib.a(shell_common.o):(.text.printlim)
           2e35c            2e35c       33     1                 printlim
           2e390            2e390      c00    16 .plt
           2e390            2e390      c00    16         <internal>:(.plt)
           2ff90            2ff90      708    16 .data.rel.ro
           2ff90            2ff90      1a0    16         libbb/lib.a(appletlib.o):(.data.rel.ro.applet_main)
           2ff90            2ff90      1a0     1                 applet_main
           30130            30130       10     8         libbb/lib.a(getopt32.o):(.data.rel.ro.bb_argv_dash)
           30130            30130       10     1                 bb_argv_dash
           30140            30140      108     8         shell/lib.a(ash.o):(.data.rel.ro.varinit_data)
           30140            30140      108     1                 varinit_data
           30250            30250      2c0    16         shell/lib.a(ash.o):(.data.rel.ro.builtintab)
           30250            30250      2c0     1                 builtintab
           30510            30510       f0     8         shell/lib.a(ash.o):(.data.rel.ro.tokname_array)
           30510            30510       f0     1                 tokname_array
           30600            30600       88     8         shell/lib.a(ash.o):(.data.rel.ro.optletters_optnames)
           30600            30600       88     1                 optletters_optnames
           30688            30688       10     8         shell/lib.a(ash.o):(.data.rel.ro.evalcommand.null_bltin)
           30688            30688       10     1                 evalcommand.null_bltin
           30698            30698      140     8 .dynamic
           30698            30698      140     8         <internal>:(.dynamic)
           307d8            307d8       70     8 .got
           307d8            307d8       70     8         <internal>:(.got)
           30848            30848      7b8     1 .relro_padding
           30848            30848        0     1         <internal>:(.relro_padding)
           31848            31848       24     8 .data
           31848            31848        1     1         libbb/lib.a(default_error_retval.o):(.data.xfunc_error_retval)
           31848            31848        1     1                 xfunc_error_retval
           31849            31849        1     1         libbb/lib.a(verror_msg.o):(.data.logmode)
           31849            31849        1     1                 logmode
           31850            31850        8     8         libbb/lib.a(verror_msg.o):(.data.msg_eol)
           31850            31850        8     1                 msg_eol
           31858            31858        4     4         shell/lib.a(ash.o):(.data.builtinloc)
           31858            31858        4     1                 builtinloc
           31860            31860        8     8         shell/lib.a(ash.o):(.data.g_parsefile)
           31860            31860        8     1                 g_parsefile
           31868            31868        4     4         shell/lib.a(ash.o):(.data.ttyfd)
           31868            31868        4     1                 ttyfd
           31870            31870      610     8 .got.plt
           31870            31870      610     8         <internal>:(.got.plt)
           31e80            31e80      6b8    16 .bss
           31e80            31e80        8     8         libbb/lib.a(appletlib.o):(.bss.applet_name)
           31e80            31e80        8     1                 applet_name
           31e88            31e88        8     8         coreutils/lib.a(test_ptr_hack.o):(.bss.test_ptr_to_statics)
           31e88            31e88        8     1                 test_ptr_to_statics
           31e90            31e90        1     1         coreutils/lib.a(sort.o):(.bss.key_separator)
           31e90            31e90        1     1                 key_separator
           31e98            31e98        8     8         coreutils/lib.a(sort.o):(.bss.key_list)
           31e98            31e98        8     1                 key_list
           31ea0            31ea0      400     8         libbb/lib.a(common_bufsiz.o):(.bss.bb_common_bufsiz1)
           31ea0            31ea0      400     1                 bb_common_bufsiz1
           322a0            322a0        4     4         libbb/lib.a(getopt32.o):(.bss.option_mask32)
           322a0            322a0        4     1                 option_mask32
           322b0            322b0       20    16         libbb/lib.a(auto_string.o):(.bss.auto_string.saved)
           322b0            322b0       20     1                 auto_string.saved
           322d0            322d0        1     1         libbb/lib.a(auto_string.o):(.bss.auto_string.cur_saved)
           322d0            322d0        1     1                 auto_string.cur_saved
           322d8            322d8        8     8         libbb/lib.a(inode_hash.o):(.bss.ino_dev_hashtable)
           322d8            322d8        8     1                 ino_dev_hashtable
           322e0            322e0        8     8         libbb/lib.a(procps.o):(.bss.cache_user_group)
           322e0            322e0        8     1                 cache_user_group
           322e8            322e8        8     8         libbb/lib.a(ptr_to_globals.o):(.bss.ptr_to_globals)
           322e8            322e8        8     1                 ptr_to_globals
           322f0            322f0        8     8         libbb/lib.a(ptr_to_globals.o):(.bss.bb_errno)
           322f0            322f0        8     1                 bb_errno
           322f8            322f8        1     1         libbb/lib.a(signals.o):(.bss.bb_got_signal)
           322f8            322f8        1     1                 bb_got_signal
           32300            32300       40    16         libbb/lib.a(vfork_daemon_rexec.o):(.bss.die_jmp)
           32300            32300       40     1                 die_jmp
           32340            32340        8     8         libbb/lib.a(xfunc_die.o):(.bss.die_func)
           32340            32340        8     1                 die_func
           32348            32348        c     1         libbb/lib.a(xfuncs.o):(.bss.local_buf)
           32348            32348        c     1                 local_buf
           32358            32358        8     8         shell/lib.a(ash.o):(.bss.atab)
           32358            32358        8     1                 atab
           32360            32360        8     8         shell/lib.a(ash.o):(.bss.cmdtable)
           32360            32360        8     1                 cmdtable
           32368            32368        8     8         shell/lib.a(ash.o):(.bss.line_input_state)
           32368            32368        8     1                 line_input_state
           32370            32370        8     8         shell/lib.a(ash.o):(.bss.commandname)
           32370            32370        8     1                 commandname
           32378            32378       88     8         shell/lib.a(ash.o):(.bss.basepf)
           32378            32378       88     1                 basepf
           32400            32400        1     1         shell/lib.a(ash.o):(.bss.evalskip)
           32400            32400        1     1                 evalskip
           32404            32404        4     4         shell/lib.a(ash.o):(.bss.loopnest)
           32404            32404        4     1                 loopnest
           32408            32408       18     8         shell/lib.a(ash.o):(.bss.ifsfirst)
           32408            32408       18     1                 ifsfirst
           32420            32420        8     8         shell/lib.a(ash.o):(.bss.ifslastp)
           32420            32420        8     1                 ifslastp
           32428            32428        1     1         shell/lib.a(ash.o):(.bss.doing_jobctl)
           32428            32428        1     1                 doing_jobctl
           3242c            3242c        4     4         shell/lib.a(ash.o):(.bss.initialpgrp)
           3242c            3242c        4     1                 initialpgrp
           32430            32430        1     1         shell/lib.a(ash.o):(.bss.checkkwd)
           32430            32430        1     1                 checkkwd
           32438            32438        8     8         shell/lib.a(ash.o):(.bss.localvar_stack)
           32438            32438        8     1                 localvar_stack
           32440            32440        1     1         shell/lib.a(ash.o):(.bss.setinteractive.is_interactive)
           32440            32440        1     1                 setinteractive.is_interactive
           32448            32448        8     8         shell/lib.a(ash.o):(.bss.argptr)
           32448            32448        8     1                 argptr
           32450            32450        8     8         shell/lib.a(ash.o):(.bss.optptr)
           32450            32450        8     1                 optptr
           32458            32458        8     8         shell/lib.a(ash.o):(.bss.optionarg)
           32458            32458        8     1                 optionarg
           32460            32460        8     8         shell/lib.a(ash.o):(.bss.pathopt)
           32460            32460        8     1                 pathopt
           32468            32468        8     8         shell/lib.a(ash.o):(.bss.curjob)
           32468            32468        8     1                 curjob
           32470            32470        4     4         shell/lib.a(ash.o):(.bss.njobs)
           32470            32470        4     1                 njobs
           32478            32478        8     8         shell/lib.a(ash.o):(.bss.jobtab)
           32478            32478        8     1                 jobtab
           32480            32480        4     4         shell/lib.a(ash.o):(.bss.skipcount)
           32480            32480        4     1                 skipcount
           32488            32488        8     8         shell/lib.a(ash.o):(.bss.lastcmdentry)
           32488            32488        8     1                 lastcmdentry
           32490            32490        8     8         shell/lib.a(ash.o):(.bss.heredoclist)
           32490            32490        8     1                 heredoclist
           32498            32498        1     1         shell/lib.a(ash.o):(.bss.doprompt)
           32498            32498        1     1                 doprompt
           324a0            324a0        8     8         shell/lib.a(ash.o):(.bss.wordtext)
           324a0            324a0        8     1                 wordtext
           324a8            324a8        8     8         shell/lib.a(ash.o):(.bss.backquotelist)
           324a8            324a8        8     1                 backquotelist
           324b0            324b0        1     1         shell/lib.a(ash.o):(.bss.lasttoken)
           324b0            324b0        1     1                 lasttoken
           324b1            324b1        1     1         shell/lib.a(ash.o):(.bss.quoteflag)
           324b1            324b1        1     1                 quoteflag
           324b2            324b2        1     1         shell/lib.a(ash.o):(.bss.needprompt)
           324b2            324b2        1     1                 needprompt
           324b8            324b8        8     8         shell/lib.a(ash.o):(.bss.heredoc)
           324b8            324b8        8     1                 heredoc
           324c0            324c0        8     8         shell/lib.a(ash.o):(.bss.redirnode)
           324c0            324c0        8     1                 redirnode
           324c8            324c8        1     1         shell/lib.a(ash.o):(.bss.tokpushback)
           324c8            324c8        1     1                 tokpushback
           324d0            324d0        8     8         shell/lib.a(ash.o):(.bss.cmdedit_prompt)
           324d0            324d0        8     1                 cmdedit_prompt
           324d8            324d8        8     8         shell/lib.a(ash.o):(.bss.expdest)
           324d8            324d8        8     1                 expdest
           324e0            324e0        8     8         shell/lib.a(ash.o):(.bss.argbackq)
           324e0            324e0        8     1                 argbackq
           324e8            324e8       10     8         shell/lib.a(ash.o):(.bss.exparg)
           324e8            324e8       10     1                 exparg
           324f8            324f8        8     8         shell/lib.a(ash.o):(.bss.cmdnextc)
           324f8            324f8        8     1                 cmdnextc
           32500            32500        4     4         shell/lib.a(ash.o):(.bss.funcline)
           32500            32500        4     1                 funcline
           32508            32508        8     8         shell/lib.a(ash.o):(.bss.funcblock)
           32508            32508        8     1                 funcblock
           32510            32510        8     8         shell/lib.a(ash.o):(.bss.funcstring_end)
           32510            32510        8     1                 funcstring_end
           32518            32518        8     8         libbb/lib.a(lineedit_ptr_hack.o):(.bss.lineedit_ptr_to_statics)
           32518            32518        8     1                 lineedit_ptr_to_statics
           32520            32520        8     8         shell/lib.a(ash_ptr_hack.o):(.bss.ash_ptr_to_globals_misc)
           32520            32520        8     1                 ash_ptr_to_globals_misc
           32528            32528        8     8         shell/lib.a(ash_ptr_hack.o):(.bss.ash_ptr_to_globals_memstack)
           32528            32528        8     1                 ash_ptr_to_globals_memstack
           32530            32530        8     8         shell/lib.a(ash_ptr_hack.o):(.bss.ash_ptr_to_globals_var)
           32530            32530        8     1                 ash_ptr_to_globals_var
               0                0       6c     1 .comment
               0                0       6c     1         <internal>:(.comment)
               0                0     6f30     8 .symtab
               0                0     6f30     8         <internal>:(.symtab)
               0                0       ca     1 .shstrtab
               0                0       ca     1         <internal>:(.shstrtab)
               0                0     3766     1 .strtab
               0                0     3766     1         <internal>:(.strtab)
